# City Map 64x64 - Grid with roads and buildings
# Types: g=grass, s=stone (buildings), d=dirt (roads)
# Heights: -1 (sunken roads) to 3 (tall buildings)

d:-1 d:-1 d:-1 d:-1 d:-1 d:-1 d:-1 d:-1 d:-1 d:-1 d:-1 d:-1 d:-1 d:-1 d:-1 d:-1 d:-1 d:-1 d:-1 d:-1 d:-1 d:-1 d:-1 d:-1 d:-1 d:-1 d:-1 d:-1 d:-1 d:-1 d:-1 d:-1 d:-1 d:-1 d:-1 d:-1 d:-1 d:-1 d:-1 d:-1 d:-1 d:-1 d:-1 d:-1 d:-1 d:-1 d:-1 d:-1 d:-1 d:-1 d:-1 d:-1 d:-1 d:-1 d:-1 d:-1 d:-1 d:-1 d:-1 d:-1 d:-1 d:-1 d:-1 d:-1
d:-1 d:-1 d:-1 d:-1 d:-1 d:-1 d:-1 d:-1 d:-1 d:-1 d:-1 d:-1 d:-1 d:-1 d:-1 d:-1 d:-1 d:-1 d:-1 d:-1 d:-1 d:-1 d:-1 d:-1 d:-1 d:-1 d:-1 d:-1 d:-1 d:-1 d:-1 d:-1 d:-1 d:-1 d:-1 d:-1 d:-1 d:-1 d:-1 d:-1 d:-1 d:-1 d:-1 d:-1 d:-1 d:-1 d:-1 d:-1 d:-1 d:-1 d:-1 d:-1 d:-1 d:-1 d:-1 d:-1 d:-1 d:-1 d:-1 d:-1 d:-1 d:-1 d:-1 d:-1
d:-1 d:-1 g:0 g:0 g:0 g:0 g:0 g:1 d:-1 d:-1 g:0 g:1 g:0 g:0 g:0 g:0 d:-1 d:-1 g:0 g:0 g:0 g:0 g:0 g:0 d:-1 d:-1 g:1 g:1 g:1 g:0 g:0 g:0 d:-1 d:-1 g:0 g:0 g:0 g:0 g:0 g:1 d:-1 d:-1 g:0 g:1 g:1 g:0 g:0 g:0 d:-1 d:-1 g:0 g:1 g:0 g:1 g:0 g:0 d:-1 d:-1 g:1 g:0 g:0 g:0 g:0 g:0
d:-1 d:-1 g:0 g:0 g:0 g:1 g:0 g:0 d:-1 d:-1 g:0 g:0 g:0 g:0 g:0 g:0 d:-1 d:-1 g:0 g:0 g:0 g:0 g:0 g:0 d:-1 d:-1 g:1 g:0 g:1 g:0 g:0 g:0 d:-1 d:-1 g:0 g:1 g:0 g:0 g:0 g:0 d:-1 d:-1 g:1 g:0 g:0 g:0 g:0 g:0 d:-1 d:-1 g:1 g:0 g:0 g:0 g:0 g:0 d:-1 d:-1 g:0 g:0 g:0 g:1 g:0 g:0
d:-1 d:-1 g:0 g:0 g:0 g:1 g:0 g:0 d:-1 d:-1 g:0 g:0 g:1 g:0 g:0 g:1 d:-1 d:-1 g:1 g:0 g:0 g:0 g:0 g:1 d:-1 d:-1 g:0 g:0 g:0 g:0 g:1 g:1 d:-1 d:-1 g:1 g:1 g:0 g:0 g:0 g:0 d:-1 d:-1 g:0 g:0 g:1 g:0 g:1 g:0 d:-1 d:-1 g:0 g:0 g:0 g:0 g:0 g:0 d:-1 d:-1 g:1 g:0 g:0 g:1 g:1 g:0
d:-1 d:-1 g:0 g:0 g:0 g:1 g:0 g:0 d:-1 d:-1 g:0 g:1 g:1 g:1 g:1 g:0 d:-1 d:-1 g:0 g:1 g:0 g:0 g:1 g:0 d:-1 d:-1 g:1 g:0 g:0 g:0 g:0 g:0 d:-1 d:-1 g:0 g:0 g:1 g:0 g:0 g:1 d:-1 d:-1 g:0 g:0 g:0 g:0 g:0 g:0 d:-1 d:-1 g:0 g:0 g:0 g:0 g:0 g:0 d:-1 d:-1 g:0 g:0 g:0 g:0 g:0 g:1
d:-1 d:-1 g:0 g:0 g:0 g:1 g:1 g:0 d:-1 d:-1 g:0 g:1 g:0 g:0 g:0 g:0 d:-1 d:-1 g:0 g:0 g:0 g:0 g:0 g:0 d:-1 d:-1 g:0 g:0 g:0 g:1 g:0 g:1 d:-1 d:-1 g:0 g:0 g:0 g:0 g:0 g:0 d:-1 d:-1 g:0 g:1 g:0 g:1 g:0 g:1 d:-1 d:-1 g:1 g:0 g:0 g:0 g:1 g:0 d:-1 d:-1 g:0 g:0 g:0 g:0 g:0 g:0
d:-1 d:-1 g:0 g:0 g:0 g:0 g:0 g:0 d:-1 d:-1 g:0 g:0 g:1 g:0 g:0 g:0 d:-1 d:-1 g:0 g:0 g:0 g:0 g:0 g:0 d:-1 d:-1 g:1 g:1 g:0 g:1 g:1 g:0 d:-1 d:-1 g:0 g:0 g:1 g:0 g:0 g:0 d:-1 d:-1 g:0 g:0 g:0 g:1 g:0 g:1 d:-1 d:-1 g:0 g:0 g:1 g:0 g:0 g:0 d:-1 d:-1 g:0 g:0 g:0 g:0 g:0 g:1
d:-1 d:-1 d:-1 d:-1 d:-1 d:-1 d:-1 d:-1 d:-1 d:-1 d:-1 d:-1 d:-1 d:-1 d:-1 d:-1 d:-1 d:-1 d:-1 d:-1 d:-1 d:-1 d:-1 d:-1 d:-1 d:-1 d:-1 d:-1 d:-1 d:-1 d:-1 d:-1 d:-1 d:-1 d:-1 d:-1 d:-1 d:-1 d:-1 d:-1 d:-1 d:-1 d:-1 d:-1 d:-1 d:-1 d:-1 d:-1 d:-1 d:-1 d:-1 d:-1 d:-1 d:-1 d:-1 d:-1 d:-1 d:-1 d:-1 d:-1 d:-1 d:-1 d:-1 d:-1
d:-1 d:-1 d:-1 d:-1 d:-1 d:-1 d:-1 d:-1 d:-1 d:-1 d:-1 d:-1 d:-1 d:-1 d:-1 d:-1 d:-1 d:-1 d:-1 d:-1 d:-1 d:-1 d:-1 d:-1 d:-1 d:-1 d:-1 d:-1 d:-1 d:-1 d:-1 d:-1 d:-1 d:-1 d:-1 d:-1 d:-1 d:-1 d:-1 d:-1 d:-1 d:-1 d:-1 d:-1 d:-1 d:-1 d:-1 d:-1 d:-1 d:-1 d:-1 d:-1 d:-1 d:-1 d:-1 d:-1 d:-1 d:-1 d:-1 d:-1 d:-1 d:-1 d:-1 d:-1
d:-1 d:-1 g:0 g:1 g:0 g:0 g:1 g:0 d:-1 d:-1 g:0 g:1 g:0 g:0 g:0 g:1 d:-1 d:-1 g:0 g:1 g:0 g:0 g:0 g:0 d:-1 d:-1 g:1 g:0 g:0 g:1 g:0 g:1 d:-1 d:-1 g:0 g:0 g:0 g:0 g:0 g:0 d:-1 d:-1 g:0 g:0 g:0 g:0 g:0 g:0 d:-1 d:-1 g:1 g:0 g:0 g:0 g:0 g:0 d:-1 d:-1 g:0 g:0 g:1 g:1 g:0 g:0
d:-1 d:-1 g:0 g:0 g:0 g:0 g:0 g:1 d:-1 d:-1 g:0 g:0 g:0 g:0 g:1 g:0 d:-1 d:-1 g:0 g:0 g:0 g:0 g:1 g:0 d:-1 d:-1 g:0 g:0 g:0 g:0 g:0 g:1 d:-1 d:-1 g:0 g:0 g:0 g:0 g:0 g:0 d:-1 d:-1 g:0 g:0 g:0 g:0 g:0 g:0 d:-1 d:-1 g:0 g:1 g:0 g:1 g:0 g:0 d:-1 d:-1 g:0 g:1 g:0 g:1 g:0 g:0
d:-1 d:-1 g:0 g:1 g:0 g:0 g:0 g:0 d:-1 d:-1 g:1 g:1 g:0 g:0 g:0 g:0 d:-1 d:-1 g:0 g:0 g:0 g:0 g:1 g:0 d:-1 d:-1 g:0 g:0 g:0 g:0 g:0 g:1 d:-1 d:-1 g:0 g:0 g:0 g:0 g:0 g:0 d:-1 d:-1 g:0 g:0 g:1 g:0 g:0 g:0 d:-1 d:-1 g:0 g:0 g:1 g:0 g:0 g:0 d:-1 d:-1 g:0 g:0 g:1 g:1 g:0 g:0
d:-1 d:-1 g:0 g:0 g:0 g:0 g:1 g:0 d:-1 d:-1 g:0 g:0 g:1 g:0 g:1 g:0 d:-1 d:-1 g:0 g:0 g:1 g:0 g:1 g:0 d:-1 d:-1 g:0 g:0 g:0 g:0 g:0 g:0 d:-1 d:-1 g:1 g:0 g:0 g:0 g:0 g:0 d:-1 d:-1 g:0 g:1 g:0 g:0 g:0 g:0 d:-1 d:-1 g:0 g:1 g:1 g:0 g:0 g:0 d:-1 d:-1 g:0 g:0 g:0 g:0 g:0 g:0
d:-1 d:-1 g:0 g:0 g:0 g:0 g:0 g:0 d:-1 d:-1 g:0 g:0 g:0 g:0 g:0 g:0 d:-1 d:-1 g:0 g:0 g:0 g:0 g:0 g:0 d:-1 d:-1 g:0 g:0 g:1 g:0 g:0 g:0 d:-1 d:-1 g:0 g:0 g:0 g:0 g:0 g:0 d:-1 d:-1 g:1 g:0 g:1 g:1 g:0 g:0 d:-1 d:-1 g:1 g:0 g:0 g:0 g:1 g:0 d:-1 d:-1 g:0 g:0 g:0 g:0 g:1 g:0
d:-1 d:-1 g:1 g:0 g:0 g:0 g:0 g:0 d:-1 d:-1 g:0 g:0 g:0 g:1 g:0 g:0 d:-1 d:-1 g:0 g:0 g:0 g:1 g:0 g:0 d:-1 d:-1 g:0 g:0 g:0 g:0 g:0 g:0 d:-1 d:-1 g:0 g:0 g:0 g:0 g:1 g:0 d:-1 d:-1 g:0 g:0 g:0 g:0 g:0 g:0 d:-1 d:-1 g:1 g:0 g:1 g:1 g:0 g:0 d:-1 d:-1 g:0 g:0 g:0 g:0 g:0 g:0
d:-1 d:-1 d:-1 d:-1 d:-1 d:-1 d:-1 d:-1 d:-1 d:-1 d:-1 d:-1 d:-1 d:-1 d:-1 d:-1 d:-1 d:-1 d:-1 d:-1 d:-1 d:-1 d:-1 d:-1 d:-1 d:-1 d:-1 d:-1 d:-1 d:-1 d:-1 d:-1 d:-1 d:-1 d:-1 d:-1 d:-1 d:-1 d:-1 d:-1 d:-1 d:-1 d:-1 d:-1 d:-1 d:-1 d:-1 d:-1 d:-1 d:-1 d:-1 d:-1 d:-1 d:-1 d:-1 d:-1 d:-1 d:-1 d:-1 d:-1 d:-1 d:-1 d:-1 d:-1
d:-1 d:-1 d:-1 d:-1 d:-1 d:-1 d:-1 d:-1 d:-1 d:-1 d:-1 d:-1 d:-1 d:-1 d:-1 d:-1 d:-1 d:-1 d:-1 d:-1 d:-1 d:-1 d:-1 d:-1 d:-1 d:-1 d:-1 d:-1 d:-1 d:-1 d:-1 d:-1 d:-1 d:-1 d:-1 d:-1 d:-1 d:-1 d:-1 d:-1 d:-1 d:-1 d:-1 d:-1 d:-1 d:-1 d:-1 d:-1 d:-1 d:-1 d:-1 d:-1 d:-1 d:-1 d:-1 d:-1 d:-1 d:-1 d:-1 d:-1 d:-1 d:-1 d:-1 d:-1
d:-1 d:-1 g:0 g:1 g:1 g:1 g:0 g:0 d:-1 d:-1 g:0 g:0 g:0 g:0 g:0 g:0 d:-1 d:-1 g:1 g:0 g:0 g:0 g:0 g:0 d:-1 d:-1 g:0 g:0 g:0 g:0 g:0 g:0 d:-1 d:-1 g:0 g:0 g:0 g:0 g:0 g:0 d:-1 d:-1 g:0 g:0 g:0 g:0 g:0 g:0 d:-1 d:-1 g:0 g:0 g:0 g:0 g:0 g:0 d:-1 d:-1 g:0 g:0 g:0 g:1 g:0 g:0
d:-1 d:-1 g:0 g:0 g:1 g:0 g:0 g:0 d:-1 d:-1 g:0 g:0 g:0 g:0 g:0 g:0 d:-1 d:-1 g:0 g:0 g:0 g:0 g:0 g:0 d:-1 d:-1 g:0 g:0 g:0 g:0 g:1 g:0 d:-1 d:-1 g:0 g:0 g:0 g:0 g:0 g:0 d:-1 d:-1 g:0 g:0 g:1 g:1 g:1 g:0 d:-1 d:-1 g:0 g:0 g:0 g:0 g:1 g:0 d:-1 d:-1 g:0 g:0 g:1 g:0 g:0 g:1
d:-1 d:-1 g:0 g:0 g:1 g:0 g:1 g:0 d:-1 d:-1 g:1 g:0 g:1 g:0 g:0 g:1 d:-1 d:-1 g:0 g:0 g:0 g:1 g:0 g:1 d:-1 d:-1 g:1 g:0 g:1 g:0 g:0 g:0 d:-1 d:-1 g:0 g:0 g:0 g:0 g:0 g:0 d:-1 d:-1 g:0 g:0 g:0 g:0 g:0 g:1 d:-1 d:-1 g:0 g:0 g:0 g:1 g:0 g:0 d:-1 d:-1 g:0 g:0 g:0 g:0 g:0 g:0
d:-1 d:-1 g:0 g:0 g:0 g:0 g:0 g:0 d:-1 d:-1 g:0 g:0 g:0 g:0 g:1 g:0 d:-1 d:-1 g:0 g:0 g:0 g:0 g:0 g:1 d:-1 d:-1 g:0 g:0 g:0 g:0 g:0 g:1 d:-1 d:-1 g:0 g:0 g:0 g:0 g:0 g:1 d:-1 d:-1 g:0 g:0 g:0 g:0 g:0 g:0 d:-1 d:-1 g:1 g:0 g:0 g:0 g:1 g:1 d:-1 d:-1 g:0 g:0 g:0 g:0 g:0 g:0
d:-1 d:-1 g:0 g:0 g:1 g:0 g:0 g:0 d:-1 d:-1 g:0 g:0 g:0 g:0 g:0 g:0 d:-1 d:-1 g:0 g:0 g:0 g:0 g:0 g:1 d:-1 d:-1 g:1 g:0 g:0 g:0 g:0 g:0 d:-1 d:-1 g:1 g:0 g:0 g:1 g:0 g:0 d:-1 d:-1 g:0 g:0 g:0 g:0 g:0 g:0 d:-1 d:-1 g:0 g:0 g:0 g:0 g:0 g:0 d:-1 d:-1 g:1 g:1 g:0 g:0 g:0 g:0
d:-1 d:-1 g:0 g:0 g:0 g:0 g:0 g:0 d:-1 d:-1 g:0 g:0 g:0 g:0 g:1 g:0 d:-1 d:-1 g:0 g:0 g:1 g:0 g:0 g:0 d:-1 d:-1 g:0 g:0 g:0 g:1 g:1 g:0 d:-1 d:-1 g:0 g:0 g:1 g:0 g:0 g:0 d:-1 d:-1 g:0 g:1 g:0 g:0 g:1 g:0 d:-1 d:-1 g:1 g:0 g:1 g:0 g:0 g:0 d:-1 d:-1 g:0 g:0 g:0 g:1 g:0 g:0
d:-1 d:-1 d:-1 d:-1 d:-1 d:-1 d:-1 d:-1 d:-1 d:-1 d:-1 d:-1 d:-1 d:-1 d:-1 d:-1 d:-1 d:-1 d:-1 d:-1 d:-1 d:-1 d:-1 d:-1 d:-1 d:-1 d:-1 d:-1 d:-1 d:-1 d:-1 d:-1 d:-1 d:-1 d:-1 d:-1 d:-1 d:-1 d:-1 d:-1 d:-1 d:-1 d:-1 d:-1 d:-1 d:-1 d:-1 d:-1 d:-1 d:-1 d:-1 d:-1 d:-1 d:-1 d:-1 d:-1 d:-1 d:-1 d:-1 d:-1 d:-1 d:-1 d:-1 d:-1
d:-1 d:-1 d:-1 d:-1 d:-1 d:-1 d:-1 d:-1 d:-1 d:-1 d:-1 d:-1 d:-1 d:-1 d:-1 d:-1 d:-1 d:-1 d:-1 d:-1 d:-1 d:-1 d:-1 d:-1 d:-1 d:-1 d:-1 d:-1 d:-1 d:-1 d:-1 d:-1 d:-1 d:-1 d:-1 d:-1 d:-1 d:-1 d:-1 d:-1 d:-1 d:-1 d:-1 d:-1 d:-1 d:-1 d:-1 d:-1 d:-1 d:-1 d:-1 d:-1 d:-1 d:-1 d:-1 d:-1 d:-1 d:-1 d:-1 d:-1 d:-1 d:-1 d:-1 d:-1
d:-1 d:-1 g:0 g:0 g:0 g:0 g:0 g:0 d:-1 d:-1 g:0 g:0 g:0 g:0 g:1 g:0 d:-1 d:-1 g:0 g:0 g:0 g:0 g:0 g:0 d:-1 d:-1 g:0 g:0 g:0 g:0 g:0 g:0 d:-1 d:-1 g:0 g:0 g:0 g:0 g:0 g:1 d:-1 d:-1 g:0 g:0 g:1 g:1 g:1 g:0 d:-1 d:-1 g:0 g:0 g:0 g:0 g:0 g:0 d:-1 d:-1 g:0 g:0 g:0 g:1 g:0 g:0
d:-1 d:-1 g:1 g:0 g:0 g:0 g:1 g:1 d:-1 d:-1 g:0 g:0 g:1 g:0 g:0 g:0 d:-1 d:-1 g:0 g:0 g:1 g:1 g:0 g:1 d:-1 d:-1 g:0 g:0 g:0 g:0 g:0 g:0 d:-1 d:-1 g:0 g:0 g:0 g:0 g:0 g:1 d:-1 d:-1 g:0 g:1 g:0 g:0 g:0 g:0 d:-1 d:-1 g:0 g:1 g:0 g:0 g:0 g:0 d:-1 d:-1 g:0 g:0 g:0 g:0 g:0 g:0
d:-1 d:-1 g:0 g:1 g:1 g:1 g:0 g:0 d:-1 d:-1 g:0 g:0 g:0 g:1 g:0 g:1 d:-1 d:-1 g:0 g:0 g:0 g:0 g:0 g:0 d:-1 d:-1 g:0 g:0 g:0 g:0 g:0 g:0 d:-1 d:-1 g:0 g:0 g:0 g:0 g:0 g:0 d:-1 d:-1 g:0 g:0 g:0 g:0 g:0 g:0 d:-1 d:-1 g:0 g:1 g:1 g:0 g:1 g:1 d:-1 d:-1 g:0 g:1 g:0 g:0 g:1 g:0
d:-1 d:-1 g:0 g:0 g:0 g:1 g:0 g:0 d:-1 d:-1 g:0 g:0 g:0 g:0 g:1 g:0 d:-1 d:-1 g:0 g:0 g:0 g:0 g:0 g:0 d:-1 d:-1 g:0 g:0 g:0 g:0 g:0 g:0 d:-1 d:-1 g:0 g:1 g:0 g:1 g:0 g:0 d:-1 d:-1 g:0 g:0 g:0 g:0 g:1 g:0 d:-1 d:-1 g:0 g:1 g:0 g:1 g:1 g:1 d:-1 d:-1 g:0 g:0 g:0 g:0 g:0 g:0
d:-1 d:-1 g:0 g:0 g:0 g:0 g:0 g:0 d:-1 d:-1 g:0 g:0 g:1 g:0 g:1 g:0 d:-1 d:-1 g:0 g:0 g:0 g:0 g:0 g:0 d:-1 d:-1 g:0 g:0 g:0 g:0 g:0 g:1 d:-1 d:-1 g:0 g:1 g:1 g:0 g:0 g:1 d:-1 d:-1 g:1 g:1 g:1 g:0 g:0 g:0 d:-1 d:-1 g:0 g:1 g:0 g:0 g:0 g:0 d:-1 d:-1 g:1 g:0 g:1 g:1 g:1 g:0
d:-1 d:-1 g:0 g:0 g:0 g:0 g:0 g:0 d:-1 d:-1 g:0 g:1 g:1 g:0 g:0 g:0 d:-1 d:-1 g:0 g:0 g:0 g:0 g:0 g:0 d:-1 d:-1 g:0 g:1 g:0 g:0 g:1 g:0 d:-1 d:-1 g:0 g:1 g:1 g:0 g:0 g:0 d:-1 d:-1 g:1 g:1 g:0 g:0 g:1 g:0 d:-1 d:-1 g:0 g:0 g:0 g:0 g:0 g:0 d:-1 d:-1 g:0 g:0 g:0 g:0 g:0 g:0
d:-1 d:-1 d:-1 d:-1 d:-1 d:-1 d:-1 d:-1 d:-1 d:-1 d:-1 d:-1 d:-1 d:-1 d:-1 d:-1 d:-1 d:-1 d:-1 d:-1 d:-1 d:-1 d:-1 d:-1 d:-1 d:-1 d:-1 d:-1 d:-1 d:-1 d:-1 d:-1 d:-1 d:-1 d:-1 d:-1 d:-1 d:-1 d:-1 d:-1 d:-1 d:-1 d:-1 d:-1 d:-1 d:-1 d:-1 d:-1 d:-1 d:-1 d:-1 d:-1 d:-1 d:-1 d:-1 d:-1 d:-1 d:-1 d:-1 d:-1 d:-1 d:-1 d:-1 d:-1
d:-1 d:-1 d:-1 d:-1 d:-1 d:-1 d:-1 d:-1 d:-1 d:-1 d:-1 d:-1 d:-1 d:-1 d:-1 d:-1 d:-1 d:-1 d:-1 d:-1 d:-1 d:-1 d:-1 d:-1 d:-1 d:-1 d:-1 d:-1 d:-1 d:-1 d:-1 d:-1 d:-1 d:-1 d:-1 d:-1 d:-1 d:-1 d:-1 d:-1 d:-1 d:-1 d:-1 d:-1 d:-1 d:-1 d:-1 d:-1 d:-1 d:-1 d:-1 d:-1 d:-1 d:-1 d:-1 d:-1 d:-1 d:-1 d:-1 d:-1 d:-1 d:-1 d:-1 d:-1
d:-1 d:-1 g:0 g:0 g:1 g:0 g:1 g:0 d:-1 d:-1 g:0 g:0 g:0 g:0 g:0 g:0 d:-1 d:-1 g:0 g:0 g:1 g:0 g:0 g:0 d:-1 d:-1 g:1 g:1 g:0 g:0 g:0 g:1 d:-1 d:-1 g:0 g:1 g:0 g:1 g:1 g:1 d:-1 d:-1 g:0 g:0 g:0 g:0 g:0 g:0 d:-1 d:-1 g:0 g:0 g:0 g:1 g:0 g:0 d:-1 d:-1 g:0 g:0 g:0 g:1 g:0 g:0
d:-1 d:-1 g:0 g:1 g:0 g:0 g:0 g:0 d:-1 d:-1 g:0 g:0 g:0 g:0 g:0 g:0 d:-1 d:-1 g:0 g:0 g:0 g:1 g:0 g:1 d:-1 d:-1 g:0 g:1 g:0 g:0 g:0 g:0 d:-1 d:-1 g:1 g:0 g:0 g:0 g:1 g:0 d:-1 d:-1 g:0 g:0 g:1 g:0 g:1 g:0 d:-1 d:-1 g:0 g:1 g:1 g:0 g:0 g:0 d:-1 d:-1 g:0 g:0 g:0 g:0 g:0 g:0
d:-1 d:-1 g:0 g:0 g:0 g:0 g:0 g:0 d:-1 d:-1 g:0 g:1 g:1 g:0 g:0 g:0 d:-1 d:-1 g:0 g:0 g:0 g:0 g:0 g:0 d:-1 d:-1 g:0 g:0 g:0 g:0 g:0 g:0 d:-1 d:-1 g:0 g:0 g:0 g:1 g:1 g:0 d:-1 d:-1 g:0 g:1 g:0 g:0 g:0 g:0 d:-1 d:-1 g:0 g:0 g:0 g:1 g:0 g:0 d:-1 d:-1 g:0 g:0 g:0 g:1 g:0 g:1
d:-1 d:-1 g:1 g:0 g:0 g:0 g:0 g:0 d:-1 d:-1 g:0 g:0 g:0 g:0 g:0 g:0 d:-1 d:-1 g:1 g:0 g:0 g:0 g:0 g:1 d:-1 d:-1 g:1 g:0 g:1 g:0 g:0 g:0 d:-1 d:-1 g:1 g:0 g:1 g:1 g:0 g:1 d:-1 d:-1 g:0 g:0 g:0 g:0 g:1 g:0 d:-1 d:-1 g:1 g:0 g:0 g:1 g:0 g:1 d:-1 d:-1 g:0 g:0 g:0 g:1 g:0 g:0
d:-1 d:-1 g:0 g:1 g:0 g:0 g:0 g:1 d:-1 d:-1 g:0 g:0 g:0 g:0 g:1 g:0 d:-1 d:-1 g:0 g:0 g:1 g:1 g:0 g:0 d:-1 d:-1 g:0 g:0 g:0 g:0 g:0 g:0 d:-1 d:-1 g:0 g:0 g:0 g:1 g:0 g:0 d:-1 d:-1 g:0 g:1 g:0 g:0 g:0 g:1 d:-1 d:-1 g:0 g:1 g:1 g:0 g:0 g:0 d:-1 d:-1 g:0 g:1 g:0 g:1 g:0 g:0
d:-1 d:-1 g:1 g:1 g:0 g:0 g:0 g:0 d:-1 d:-1 g:0 g:0 g:1 g:0 g:1 g:0 d:-1 d:-1 g:0 g:1 g:0 g:0 g:0 g:0 d:-1 d:-1 g:0 g:0 g:0 g:0 g:0 g:0 d:-1 d:-1 g:1 g:0 g:0 g:1 g:0 g:0 d:-1 d:-1 g:0 g:1 g:1 g:0 g:0 g:0 d:-1 d:-1 g:0 g:1 g:0 g:0 g:1 g:0 d:-1 d:-1 g:0 g:0 g:0 g:0 g:0 g:0
d:-1 d:-1 d:-1 d:-1 d:-1 d:-1 d:-1 d:-1 d:-1 d:-1 d:-1 d:-1 d:-1 d:-1 d:-1 d:-1 d:-1 d:-1 d:-1 d:-1 d:-1 d:-1 d:-1 d:-1 d:-1 d:-1 d:-1 d:-1 d:-1 d:-1 d:-1 d:-1 d:-1 d:-1 d:-1 d:-1 d:-1 d:-1 d:-1 d:-1 d:-1 d:-1 d:-1 d:-1 d:-1 d:-1 d:-1 d:-1 d:-1 d:-1 d:-1 d:-1 d:-1 d:-1 d:-1 d:-1 d:-1 d:-1 d:-1 d:-1 d:-1 d:-1 d:-1 d:-1
d:-1 d:-1 d:-1 d:-1 d:-1 d:-1 d:-1 d:-1 d:-1 d:-1 d:-1 d:-1 d:-1 d:-1 d:-1 d:-1 d:-1 d:-1 d:-1 d:-1 d:-1 d:-1 d:-1 d:-1 d:-1 d:-1 d:-1 d:-1 d:-1 d:-1 d:-1 d:-1 d:-1 d:-1 d:-1 d:-1 d:-1 d:-1 d:-1 d:-1 d:-1 d:-1 d:-1 d:-1 d:-1 d:-1 d:-1 d:-1 d:-1 d:-1 d:-1 d:-1 d:-1 d:-1 d:-1 d:-1 d:-1 d:-1 d:-1 d:-1 d:-1 d:-1 d:-1 d:-1
d:-1 d:-1 g:1 g:1 g:0 g:0 g:0 g:1 d:-1 d:-1 g:1 g:1 g:0 g:0 g:1 g:0 d:-1 d:-1 g:0 g:0 g:0 g:0 g:0 g:1 d:-1 d:-1 g:1 g:0 g:0 g:0 g:0 g:0 d:-1 d:-1 g:1 g:0 g:0 g:0 g:1 g:1 d:-1 d:-1 g:0 g:0 g:0 g:0 g:0 g:0 d:-1 d:-1 g:0 g:0 g:0 g:0 g:0 g:0 d:-1 d:-1 g:0 g:1 g:1 g:0 g:0 g:0
d:-1 d:-1 g:0 g:1 g:0 g:0 g:0 g:0 d:-1 d:-1 g:0 g:0 g:0 g:0 g:0 g:1 d:-1 d:-1 g:0 g:0 g:0 g:0 g:1 g:0 d:-1 d:-1 g:0 g:0 g:0 g:0 g:0 g:0 d:-1 d:-1 g:0 g:0 g:0 g:0 g:0 g:0 d:-1 d:-1 g:0 g:0 g:0 g:0 g:0 g:0 d:-1 d:-1 g:0 g:0 g:0 g:0 g:0 g:0 d:-1 d:-1 g:0 g:0 g:1 g:0 g:1 g:0
d:-1 d:-1 g:1 g:1 g:0 g:0 g:0 g:0 d:-1 d:-1 g:0 g:0 g:0 g:0 g:0 g:0 d:-1 d:-1 g:0 g:1 g:0 g:0 g:0 g:1 d:-1 d:-1 g:0 g:0 g:0 g:1 g:0 g:0 d:-1 d:-1 g:1 g:1 g:0 g:1 g:0 g:0 d:-1 d:-1 g:0 g:0 g:1 g:0 g:0 g:0 d:-1 d:-1 g:0 g:0 g:1 g:1 g:0 g:0 d:-1 d:-1 g:0 g:0 g:0 g:0 g:0 g:0
d:-1 d:-1 g:0 g:1 g:0 g:0 g:0 g:0 d:-1 d:-1 g:0 g:0 g:0 g:0 g:0 g:0 d:-1 d:-1 g:0 g:0 g:0 g:0 g:0 g:0 d:-1 d:-1 g:0 g:0 g:0 g:0 g:0 g:1 d:-1 d:-1 g:0 g:0 g:1 g:1 g:0 g:0 d:-1 d:-1 g:0 g:1 g:0 g:0 g:0 g:0 d:-1 d:-1 g:0 g:0 g:0 g:0 g:0 g:0 d:-1 d:-1 g:0 g:0 g:0 g:0 g:0 g:0
d:-1 d:-1 g:0 g:0 g:0 g:0 g:0 g:0 d:-1 d:-1 g:0 g:0 g:0 g:1 g:0 g:0 d:-1 d:-1 g:0 g:0 g:0 g:1 g:0 g:0 d:-1 d:-1 g:0 g:0 g:1 g:0 g:1 g:0 d:-1 d:-1 g:1 g:0 g:0 g:1 g:0 g:0 d:-1 d:-1 g:0 g:0 g:1 g:0 g:0 g:1 d:-1 d:-1 g:0 g:1 g:0 g:0 g:1 g:1 d:-1 d:-1 g:1 g:0 g:0 g:1 g:0 g:0
d:-1 d:-1 g:0 g:0 g:0 g:0 g:0 g:0 d:-1 d:-1 g:0 g:1 g:0 g:0 g:0 g:0 d:-1 d:-1 g:1 g:0 g:0 g:0 g:1 g:0 d:-1 d:-1 g:1 g:0 g:1 g:0 g:0 g:1 d:-1 d:-1 g:0 g:0 g:0 g:0 g:0 g:0 d:-1 d:-1 g:0 g:0 g:0 g:0 g:0 g:0 d:-1 d:-1 g:0 g:0 g:0 g:0 g:0 g:0 d:-1 d:-1 g:0 g:0 g:0 g:0 g:0 g:0
d:-1 d:-1 d:-1 d:-1 d:-1 d:-1 d:-1 d:-1 d:-1 d:-1 d:-1 d:-1 d:-1 d:-1 d:-1 d:-1 d:-1 d:-1 d:-1 d:-1 d:-1 d:-1 d:-1 d:-1 d:-1 d:-1 d:-1 d:-1 d:-1 d:-1 d:-1 d:-1 d:-1 d:-1 d:-1 d:-1 d:-1 d:-1 d:-1 d:-1 d:-1 d:-1 d:-1 d:-1 d:-1 d:-1 d:-1 d:-1 d:-1 d:-1 d:-1 d:-1 d:-1 d:-1 d:-1 d:-1 d:-1 d:-1 d:-1 d:-1 d:-1 d:-1 d:-1 d:-1
d:-1 d:-1 d:-1 d:-1 d:-1 d:-1 d:-1 d:-1 d:-1 d:-1 d:-1 d:-1 d:-1 d:-1 d:-1 d:-1 d:-1 d:-1 d:-1 d:-1 d:-1 d:-1 d:-1 d:-1 d:-1 d:-1 d:-1 d:-1 d:-1 d:-1 d:-1 d:-1 d:-1 d:-1 d:-1 d:-1 d:-1 d:-1 d:-1 d:-1 d:-1 d:-1 d:-1 d:-1 d:-1 d:-1 d:-1 d:-1 d:-1 d:-1 d:-1 d:-1 d:-1 d:-1 d:-1 d:-1 d:-1 d:-1 d:-1 d:-1 d:-1 d:-1 d:-1 d:-1
d:-1 d:-1 g:0 g:0 g:0 g:0 g:0 g:0 d:-1 d:-1 g:0 g:0 g:0 g:0 g:0 g:1 d:-1 d:-1 g:0 g:0 g:0 g:0 g:0 g:0 d:-1 d:-1 g:0 g:0 g:0 g:0 g:0 g:1 d:-1 d:-1 g:0 g:0 g:0 g:0 g:0 g:0 d:-1 d:-1 g:0 g:0 g:1 g:0 g:0 g:0 d:-1 d:-1 g:0 g:0 g:0 g:0 g:0 g:1 d:-1 d:-1 g:0 g:1 g:0 g:0 g:0 g:0
d:-1 d:-1 g:1 g:0 g:0 g:0 g:0 g:1 d:-1 d:-1 g:0 g:0 g:0 g:0 g:0 g:0 d:-1 d:-1 g:0 g:0 g:0 g:0 g:0 g:0 d:-1 d:-1 g:0 g:0 g:1 g:0 g:0 g:1 d:-1 d:-1 g:0 g:0 g:0 g:0 g:0 g:0 d:-1 d:-1 g:0 g:0 g:0 g:0 g:0 g:0 d:-1 d:-1 g:0 g:0 g:1 g:0 g:0 g:0 d:-1 d:-1 g:0 g:0 g:0 g:0 g:0 g:0
d:-1 d:-1 g:0 g:0 g:0 g:0 g:0 g:0 d:-1 d:-1 g:0 g:0 g:0 g:0 g:1 g:0 d:-1 d:-1 g:0 g:0 g:0 g:0 g:0 g:0 d:-1 d:-1 g:0 g:0 g:0 g:1 g:0 g:0 d:-1 d:-1 g:1 g:0 g:0 g:0 g:0 g:0 d:-1 d:-1 g:0 g:0 g:0 g:0 g:0 g:0 d:-1 d:-1 g:0 g:0 g:0 g:0 g:0 g:0 d:-1 d:-1 g:0 g:0 g:0 g:0 g:1 g:0
d:-1 d:-1 g:0 g:0 g:0 g:0 g:0 g:0 d:-1 d:-1 g:0 g:0 g:0 g:0 g:0 g:1 d:-1 d:-1 g:1 g:0 g:0 g:0 g:0 g:0 d:-1 d:-1 g:0 g:0 g:1 g:0 g:1 g:0 d:-1 d:-1 g:0 g:0 g:0 g:1 g:0 g:0 d:-1 d:-1 g:0 g:1 g:0 g:0 g:0 g:0 d:-1 d:-1 g:0 g:0 g:0 g:0 g:0 g:0 d:-1 d:-1 g:0 g:0 g:0 g:0 g:0 g:0
d:-1 d:-1 g:0 g:0 g:0 g:0 g:1 g:0 d:-1 d:-1 g:0 g:0 g:0 g:0 g:0 g:0 d:-1 d:-1 g:0 g:1 g:0 g:0 g:0 g:0 d:-1 d:-1 g:0 g:0 g:0 g:0 g:0 g:0 d:-1 d:-1 g:1 g:0 g:0 g:1 g:0 g:0 d:-1 d:-1 g:0 g:0 g:1 g:0 g:0 g:0 d:-1 d:-1 g:1 g:0 g:0 g:0 g:1 g:0 d:-1 d:-1 g:1 g:0 g:0 g:0 g:0 g:0
d:-1 d:-1 g:0 g:0 g:0 g:1 g:0 g:0 d:-1 d:-1 g:0 g:0 g:0 g:0 g:0 g:0 d:-1 d:-1 g:0 g:0 g:0 g:0 g:0 g:0 d:-1 d:-1 g:0 g:1 g:0 g:1 g:0 g:0 d:-1 d:-1 g:0 g:1 g:0 g:0 g:0 g:0 d:-1 d:-1 g:0 g:0 g:0 g:1 g:1 g:0 d:-1 d:-1 g:1 g:0 g:0 g:0 g:0 g:0 d:-1 d:-1 g:0 g:0 g:0 g:0 g:0 g:0
d:-1 d:-1 d:-1 d:-1 d:-1 d:-1 d:-1 d:-1 d:-1 d:-1 d:-1 d:-1 d:-1 d:-1 d:-1 d:-1 d:-1 d:-1 d:-1 d:-1 d:-1 d:-1 d:-1 d:-1 d:-1 d:-1 d:-1 d:-1 d:-1 d:-1 d:-1 d:-1 d:-1 d:-1 d:-1 d:-1 d:-1 d:-1 d:-1 d:-1 d:-1 d:-1 d:-1 d:-1 d:-1 d:-1 d:-1 d:-1 d:-1 d:-1 d:-1 d:-1 d:-1 d:-1 d:-1 d:-1 d:-1 d:-1 d:-1 d:-1 d:-1 d:-1 d:-1 d:-1
d:-1 d:-1 d:-1 d:-1 d:-1 d:-1 d:-1 d:-1 d:-1 d:-1 d:-1 d:-1 d:-1 d:-1 d:-1 d:-1 d:-1 d:-1 d:-1 d:-1 d:-1 d:-1 d:-1 d:-1 d:-1 d:-1 d:-1 d:-1 d:-1 d:-1 d:-1 d:-1 d:-1 d:-1 d:-1 d:-1 d:-1 d:-1 d:-1 d:-1 d:-1 d:-1 d:-1 d:-1 d:-1 d:-1 d:-1 d:-1 d:-1 d:-1 d:-1 d:-1 d:-1 d:-1 d:-1 d:-1 d:-1 d:-1 d:-1 d:-1 d:-1 d:-1 d:-1 d:-1
d:-1 d:-1 g:0 g:0 g:0 g:0 g:0 g:0 d:-1 d:-1 g:0 g:0 g:1 g:1 g:0 g:0 d:-1 d:-1 g:0 g:0 g:0 g:1 g:0 g:1 d:-1 d:-1 g:0 g:0 g:0 g:0 g:0 g:0 d:-1 d:-1 g:0 g:0 g:0 g:0 g:0 g:1 d:-1 d:-1 g:1 g:0 g:0 g:1 g:0 g:0 d:-1 d:-1 g:0 g:0 g:0 g:0 g:1 g:0 d:-1 d:-1 g:0 g:1 g:0 g:0 g:0 g:0
d:-1 d:-1 g:0 g:1 g:0 g:0 g:0 g:0 d:-1 d:-1 g:0 g:0 g:0 g:1 g:0 g:1 d:-1 d:-1 g:0 g:0 g:1 g:0 g:0 g:0 d:-1 d:-1 g:0 g:0 g:0 g:0 g:0 g:0 d:-1 d:-1 g:0 g:0 g:0 g:0 g:0 g:0 d:-1 d:-1 g:0 g:0 g:0 g:0 g:0 g:0 d:-1 d:-1 g:1 g:0 g:0 g:0 g:0 g:0 d:-1 d:-1 g:0 g:0 g:0 g:0 g:0 g:0
d:-1 d:-1 g:0 g:1 g:0 g:0 g:0 g:0 d:-1 d:-1 g:0 g:1 g:1 g:0 g:0 g:1 d:-1 d:-1 g:0 g:0 g:1 g:0 g:0 g:0 d:-1 d:-1 g:0 g:0 g:0 g:0 g:0 g:0 d:-1 d:-1 g:0 g:0 g:1 g:0 g:0 g:1 d:-1 d:-1 g:1 g:0 g:0 g:0 g:0 g:0 d:-1 d:-1 g:0 g:0 g:1 g:1 g:0 g:0 d:-1 d:-1 g:0 g:1 g:0 g:0 g:1 g:0
d:-1 d:-1 g:0 g:0 g:0 g:0 g:1 g:0 d:-1 d:-1 g:0 g:0 g:0 g:0 g:0 g:0 d:-1 d:-1 g:0 g:1 g:0 g:0 g:0 g:0 d:-1 d:-1 g:0 g:0 g:0 g:0 g:0 g:0 d:-1 d:-1 g:0 g:1 g:0 g:1 g:0 g:1 d:-1 d:-1 g:0 g:1 g:0 g:0 g:0 g:0 d:-1 d:-1 g:0 g:0 g:0 g:1 g:1 g:0 d:-1 d:-1 g:0 g:0 g:0 g:0 g:1 g:0
d:-1 d:-1 g:0 g:1 g:0 g:0 g:1 g:1 d:-1 d:-1 g:0 g:1 g:0 g:1 g:0 g:0 d:-1 d:-1 g:0 g:0 g:0 g:1 g:0 g:0 d:-1 d:-1 g:0 g:0 g:0 g:0 g:0 g:1 d:-1 d:-1 g:0 g:0 g:0 g:0 g:0 g:1 d:-1 d:-1 g:0 g:0 g:0 g:0 g:0 g:0 d:-1 d:-1 g:0 g:0 g:0 g:0 g:0 g:0 d:-1 d:-1 g:0 g:1 g:0 g:1 g:1 g:0
d:-1 d:-1 g:0 g:0 g:0 g:0 g:0 g:0 d:-1 d:-1 g:0 g:0 g:1 g:1 g:0 g:0 d:-1 d:-1 g:0 g:0 g:0 g:0 g:1 g:0 d:-1 d:-1 g:0 g:0 g:0 g:0 g:0 g:0 d:-1 d:-1 g:0 g:0 g:0 g:0 g:0 g:0 d:-1 d:-1 g:0 g:1 g:0 g:1 g:0 g:0 d:-1 d:-1 g:0 g:0 g:0 g:0 g:0 g:1 d:-1 d:-1 g:0 g:0 g:0 g:0 g:0 g:0