# City Map 64x64 - Grid with roads and buildings
# Types: g=grass, s=stone (buildings), d=dirt (roads)

d:0 d:0 d:0 d:0 d:0 d:0 d:0 d:0 d:0 d:0 d:0 d:0 d:0 d:0 d:0 d:0 d:0 d:0 d:0 d:0 d:0 d:0 d:0 d:0 d:0 d:0 d:0 d:0 d:0 d:0 d:0 d:0 d:0 d:0 d:0 d:0 d:0 d:0 d:0 d:0 d:0 d:0 d:0 d:0 d:0 d:0 d:0 d:0 d:0 d:0 d:0 d:0 d:0 d:0 d:0 d:0 d:0 d:0 d:0 d:0 d:0 d:0 d:0 d:0
d:0 d:0 d:0 d:0 d:0 d:0 d:0 d:0 d:0 d:0 d:0 d:0 d:0 d:0 d:0 d:0 d:0 d:0 d:0 d:0 d:0 d:0 d:0 d:0 d:0 d:0 d:0 d:0 d:0 d:0 d:0 d:0 d:0 d:0 d:0 d:0 d:0 d:0 d:0 d:0 d:0 d:0 d:0 d:0 d:0 d:0 d:0 d:0 d:0 d:0 d:0 d:0 d:0 d:0 d:0 d:0 d:0 d:0 d:0 d:0 d:0 d:0 d:0 d:0
d:0 d:0 g:0 g:0 g:0 g:1 g:0 g:0 d:0 d:0 g:0 g:1 g:0 g:0 g:0 g:1 d:0 d:0 g:1 g:0 g:0 g:0 g:0 g:1 d:0 d:0 g:0 g:0 g:0 g:0 g:0 g:1 d:0 d:0 g:0 g:1 g:0 g:0 g:0 g:1 d:0 d:0 g:0 g:0 g:0 g:0 g:0 g:0 d:0 d:0 g:1 g:0 g:0 g:1 g:1 g:0 d:0 d:0 g:0 g:0 g:0 g:0 g:0 g:0
d:0 d:0 g:1 g:0 g:0 g:1 g:0 g:0 d:0 d:0 g:0 g:0 g:0 g:0 g:1 g:0 d:0 d:0 g:0 g:0 g:0 g:0 g:0 g:0 d:0 d:0 g:0 g:1 g:0 g:0 g:0 g:0 d:0 d:0 g:0 g:0 g:0 g:1 g:0 g:0 d:0 d:0 g:0 g:0 g:1 g:0 g:0 g:0 d:0 d:0 g:0 g:0 g:0 g:0 g:0 g:1 d:0 d:0 g:0 g:0 g:0 g:0 g:1 g:1
d:0 d:0 g:0 g:0 g:0 g:0 g:0 g:0 d:0 d:0 g:0 g:0 g:1 g:0 g:0 g:0 d:0 d:0 g:1 g:0 g:0 g:0 g:0 g:0 d:0 d:0 g:0 g:0 g:0 g:0 g:1 g:0 d:0 d:0 g:0 g:1 g:1 g:0 g:0 g:0 d:0 d:0 g:0 g:0 g:0 g:0 g:0 g:0 d:0 d:0 g:1 g:1 g:0 g:1 g:0 g:0 d:0 d:0 g:0 g:0 g:0 g:1 g:0 g:0
d:0 d:0 g:0 g:1 g:0 g:0 g:1 g:0 d:0 d:0 g:1 g:0 g:0 g:0 g:0 g:0 d:0 d:0 g:0 g:0 g:0 g:0 g:0 g:1 d:0 d:0 g:0 g:1 g:0 g:1 g:0 g:1 d:0 d:0 g:0 g:1 g:0 g:0 g:1 g:0 d:0 d:0 g:0 g:1 g:0 g:1 g:0 g:0 d:0 d:0 g:0 g:0 g:1 g:1 g:1 g:1 d:0 d:0 g:0 g:0 g:1 g:0 g:0 g:0
d:0 d:0 g:0 g:0 g:0 g:0 g:0 g:0 d:0 d:0 g:0 g:0 g:0 g:0 g:1 g:0 d:0 d:0 g:1 g:0 g:0 g:0 g:0 g:0 d:0 d:0 g:0 g:0 g:0 g:0 g:0 g:0 d:0 d:0 g:0 g:0 g:1 g:0 g:1 g:0 d:0 d:0 g:0 g:0 g:0 g:0 g:0 g:0 d:0 d:0 g:0 g:0 g:0 g:0 g:0 g:0 d:0 d:0 g:0 g:0 g:0 g:0 g:0 g:0
d:0 d:0 g:0 g:0 g:0 g:0 g:0 g:0 d:0 d:0 g:0 g:1 g:0 g:0 g:0 g:0 d:0 d:0 g:1 g:0 g:0 g:0 g:0 g:1 d:0 d:0 g:0 g:0 g:0 g:0 g:1 g:0 d:0 d:0 g:1 g:0 g:0 g:0 g:0 g:0 d:0 d:0 g:0 g:0 g:0 g:0 g:0 g:0 d:0 d:0 g:0 g:1 g:0 g:0 g:0 g:0 d:0 d:0 g:0 g:0 g:1 g:0 g:1 g:1
d:0 d:0 d:0 d:0 d:0 d:0 d:0 d:0 d:0 d:0 d:0 d:0 d:0 d:0 d:0 d:0 d:0 d:0 d:0 d:0 d:0 d:0 d:0 d:0 d:0 d:0 d:0 d:0 d:0 d:0 d:0 d:0 d:0 d:0 d:0 d:0 d:0 d:0 d:0 d:0 d:0 d:0 d:0 d:0 d:0 d:0 d:0 d:0 d:0 d:0 d:0 d:0 d:0 d:0 d:0 d:0 d:0 d:0 d:0 d:0 d:0 d:0 d:0 d:0
d:0 d:0 d:0 d:0 d:0 d:0 d:0 d:0 d:0 d:0 d:0 d:0 d:0 d:0 d:0 d:0 d:0 d:0 d:0 d:0 d:0 d:0 d:0 d:0 d:0 d:0 d:0 d:0 d:0 d:0 d:0 d:0 d:0 d:0 d:0 d:0 d:0 d:0 d:0 d:0 d:0 d:0 d:0 d:0 d:0 d:0 d:0 d:0 d:0 d:0 d:0 d:0 d:0 d:0 d:0 d:0 d:0 d:0 d:0 d:0 d:0 d:0 d:0 d:0
d:0 d:0 g:0 g:0 g:0 g:0 g:0 g:0 d:0 d:0 g:0 g:0 g:1 g:0 g:0 g:0 d:0 d:0 g:0 g:0 g:0 g:1 g:1 g:0 d:0 d:0 g:1 g:0 g:1 g:0 g:0 g:0 d:0 d:0 g:1 g:0 g:0 g:0 g:0 g:0 d:0 d:0 g:1 g:0 g:0 g:0 g:1 g:0 d:0 d:0 g:1 g:0 g:1 g:0 g:0 g:0 d:0 d:0 g:0 g:0 g:1 g:0 g:0 g:1
d:0 d:0 g:0 g:0 g:0 g:0 g:1 g:1 d:0 d:0 g:0 g:1 g:0 g:1 g:0 g:0 d:0 d:0 g:0 g:0 g:0 g:0 g:1 g:1 d:0 d:0 g:0 g:0 g:0 g:0 g:0 g:0 d:0 d:0 g:0 g:0 g:0 g:0 g:0 g:0 d:0 d:0 g:0 g:0 g:1 g:0 g:0 g:0 d:0 d:0 g:1 g:0 g:0 g:0 g:0 g:1 d:0 d:0 g:0 g:0 g:1 g:0 g:0 g:0
d:0 d:0 g:0 g:0 g:0 g:0 g:0 g:0 d:0 d:0 g:0 g:0 g:0 g:0 g:0 g:0 d:0 d:0 g:0 g:0 g:0 g:0 g:1 g:0 d:0 d:0 g:0 g:0 g:0 g:0 g:0 g:0 d:0 d:0 g:0 g:0 g:0 g:1 g:1 g:0 d:0 d:0 g:0 g:1 g:0 g:1 g:0 g:1 d:0 d:0 g:0 g:0 g:0 g:0 g:0 g:1 d:0 d:0 g:0 g:0 g:0 g:1 g:0 g:0
d:0 d:0 g:0 g:1 g:0 g:0 g:0 g:1 d:0 d:0 g:0 g:0 g:0 g:0 g:0 g:0 d:0 d:0 g:0 g:0 g:0 g:0 g:0 g:0 d:0 d:0 g:0 g:0 g:0 g:0 g:1 g:0 d:0 d:0 g:1 g:0 g:0 g:0 g:0 g:0 d:0 d:0 g:0 g:0 g:0 g:0 g:1 g:0 d:0 d:0 g:0 g:0 g:0 g:0 g:0 g:0 d:0 d:0 g:0 g:0 g:1 g:1 g:0 g:0
d:0 d:0 g:0 g:0 g:0 g:0 g:0 g:0 d:0 d:0 g:1 g:0 g:0 g:1 g:1 g:0 d:0 d:0 g:0 g:0 g:0 g:0 g:0 g:0 d:0 d:0 g:0 g:0 g:1 g:0 g:0 g:0 d:0 d:0 g:0 g:0 g:0 g:1 g:1 g:0 d:0 d:0 g:0 g:0 g:0 g:1 g:0 g:0 d:0 d:0 g:0 g:0 g:0 g:0 g:0 g:1 d:0 d:0 g:0 g:0 g:0 g:0 g:1 g:0
d:0 d:0 g:0 g:0 g:0 g:0 g:0 g:0 d:0 d:0 g:1 g:0 g:1 g:0 g:0 g:0 d:0 d:0 g:0 g:0 g:0 g:0 g:0 g:0 d:0 d:0 g:0 g:1 g:0 g:0 g:0 g:1 d:0 d:0 g:0 g:1 g:0 g:0 g:0 g:0 d:0 d:0 g:0 g:1 g:0 g:0 g:0 g:0 d:0 d:0 g:0 g:0 g:0 g:0 g:0 g:0 d:0 d:0 g:0 g:1 g:0 g:0 g:1 g:0
d:0 d:0 d:0 d:0 d:0 d:0 d:0 d:0 d:0 d:0 d:0 d:0 d:0 d:0 d:0 d:0 d:0 d:0 d:0 d:0 d:0 d:0 d:0 d:0 d:0 d:0 d:0 d:0 d:0 d:0 d:0 d:0 d:0 d:0 d:0 d:0 d:0 d:0 d:0 d:0 d:0 d:0 d:0 d:0 d:0 d:0 d:0 d:0 d:0 d:0 d:0 d:0 d:0 d:0 d:0 d:0 d:0 d:0 d:0 d:0 d:0 d:0 d:0 d:0
d:0 d:0 d:0 d:0 d:0 d:0 d:0 d:0 d:0 d:0 d:0 d:0 d:0 d:0 d:0 d:0 d:0 d:0 d:0 d:0 d:0 d:0 d:0 d:0 d:0 d:0 d:0 d:0 d:0 d:0 d:0 d:0 d:0 d:0 d:0 d:0 d:0 d:0 d:0 d:0 d:0 d:0 d:0 d:0 d:0 d:0 d:0 d:0 d:0 d:0 d:0 d:0 d:0 d:0 d:0 d:0 d:0 d:0 d:0 d:0 d:0 d:0 d:0 d:0
d:0 d:0 g:0 g:0 g:0 g:0 g:0 g:1 d:0 d:0 g:0 g:0 g:0 g:0 g:0 g:0 d:0 d:0 g:0 g:0 g:0 g:0 g:0 g:0 d:0 d:0 g:0 g:0 g:1 g:1 g:0 g:1 d:0 d:0 g:1 g:0 g:0 g:1 g:0 g:0 d:0 d:0 g:1 g:0 g:1 g:0 g:0 g:0 d:0 d:0 g:1 g:0 g:0 g:1 g:0 g:0 d:0 d:0 g:0 g:1 g:0 g:0 g:0 g:0
d:0 d:0 g:0 g:0 g:0 g:0 g:0 g:0 d:0 d:0 g:1 g:1 g:0 g:0 g:1 g:0 d:0 d:0 g:0 g:0 g:0 g:0 g:0 g:0 d:0 d:0 g:1 g:0 g:0 g:0 g:0 g:0 d:0 d:0 g:0 g:0 g:0 g:0 g:0 g:1 d:0 d:0 g:1 g:1 g:0 g:0 g:0 g:0 d:0 d:0 g:0 g:0 g:1 g:0 g:0 g:0 d:0 d:0 g:0 g:0 g:0 g:0 g:0 g:0
d:0 d:0 g:0 g:0 g:0 g:0 g:0 g:0 d:0 d:0 g:0 g:0 g:0 g:0 g:0 g:0 d:0 d:0 g:0 g:0 g:0 g:0 g:0 g:0 d:0 d:0 g:0 g:0 g:0 g:1 g:0 g:0 d:0 d:0 g:0 g:1 g:0 g:1 g:1 g:0 d:0 d:0 g:1 g:0 g:0 g:0 g:0 g:1 d:0 d:0 g:0 g:0 g:0 g:0 g:0 g:0 d:0 d:0 g:0 g:0 g:0 g:0 g:0 g:1
d:0 d:0 g:0 g:0 g:0 g:1 g:1 g:0 d:0 d:0 g:0 g:0 g:0 g:0 g:1 g:0 d:0 d:0 g:0 g:0 g:0 g:0 g:0 g:0 d:0 d:0 g:0 g:0 g:0 g:0 g:0 g:0 d:0 d:0 g:0 g:0 g:0 g:0 g:0 g:1 d:0 d:0 g:0 g:0 g:1 g:1 g:0 g:1 d:0 d:0 g:0 g:0 g:0 g:0 g:0 g:0 d:0 d:0 g:0 g:0 g:0 g:0 g:1 g:0
d:0 d:0 g:0 g:0 g:0 g:1 g:1 g:1 d:0 d:0 g:0 g:0 g:0 g:0 g:1 g:0 d:0 d:0 g:1 g:0 g:1 g:1 g:0 g:0 d:0 d:0 g:1 g:0 g:1 g:0 g:1 g:1 d:0 d:0 g:1 g:0 g:0 g:0 g:1 g:0 d:0 d:0 g:0 g:1 g:0 g:1 g:0 g:0 d:0 d:0 g:1 g:0 g:0 g:0 g:0 g:0 d:0 d:0 g:0 g:0 g:0 g:1 g:0 g:0
d:0 d:0 g:0 g:0 g:1 g:1 g:0 g:0 d:0 d:0 g:0 g:0 g:0 g:0 g:0 g:0 d:0 d:0 g:0 g:0 g:0 g:0 g:0 g:0 d:0 d:0 g:0 g:1 g:1 g:1 g:0 g:0 d:0 d:0 g:0 g:1 g:0 g:0 g:0 g:1 d:0 d:0 g:0 g:0 g:0 g:0 g:0 g:0 d:0 d:0 g:0 g:0 g:0 g:0 g:0 g:0 d:0 d:0 g:0 g:0 g:0 g:0 g:0 g:1
d:0 d:0 d:0 d:0 d:0 d:0 d:0 d:0 d:0 d:0 d:0 d:0 d:0 d:0 d:0 d:0 d:0 d:0 d:0 d:0 d:0 d:0 d:0 d:0 d:0 d:0 d:0 d:0 d:0 d:0 d:0 d:0 d:0 d:0 d:0 d:0 d:0 d:0 d:0 d:0 d:0 d:0 d:0 d:0 d:0 d:0 d:0 d:0 d:0 d:0 d:0 d:0 d:0 d:0 d:0 d:0 d:0 d:0 d:0 d:0 d:0 d:0 d:0 d:0
d:0 d:0 d:0 d:0 d:0 d:0 d:0 d:0 d:0 d:0 d:0 d:0 d:0 d:0 d:0 d:0 d:0 d:0 d:0 d:0 d:0 d:0 d:0 d:0 d:0 d:0 d:0 d:0 d:0 d:0 d:0 d:0 d:0 d:0 d:0 d:0 d:0 d:0 d:0 d:0 d:0 d:0 d:0 d:0 d:0 d:0 d:0 d:0 d:0 d:0 d:0 d:0 d:0 d:0 d:0 d:0 d:0 d:0 d:0 d:0 d:0 d:0 d:0 d:0
d:0 d:0 g:0 g:0 g:1 g:0 g:1 g:0 d:0 d:0 g:0 g:0 g:0 g:0 g:0 g:0 d:0 d:0 g:0 g:0 g:0 g:1 g:0 g:0 d:0 d:0 g:1 g:1 g:0 g:0 g:0 g:0 d:0 d:0 g:0 g:0 g:0 g:0 g:0 g:0 d:0 d:0 g:1 g:0 g:0 g:0 g:0 g:0 d:0 d:0 g:1 g:1 g:0 g:0 g:0 g:0 d:0 d:0 g:0 g:1 g:0 g:0 g:0 g:0
d:0 d:0 g:1 g:0 g:0 g:0 g:1 g:0 d:0 d:0 g:0 g:0 g:0 g:0 g:0 g:0 d:0 d:0 g:1 g:1 g:0 g:0 g:0 g:0 d:0 d:0 g:1 g:0 g:0 g:0 g:0 g:0 d:0 d:0 g:0 g:0 g:0 g:1 g:0 g:1 d:0 d:0 g:0 g:0 g:0 g:1 g:0 g:0 d:0 d:0 g:0 g:0 g:0 g:0 g:0 g:0 d:0 d:0 g:0 g:0 g:0 g:0 g:0 g:1
d:0 d:0 g:0 g:0 g:0 g:1 g:0 g:1 d:0 d:0 g:0 g:0 g:0 g:0 g:0 g:0 d:0 d:0 g:1 g:0 g:1 g:0 g:0 g:0 d:0 d:0 g:0 g:1 g:0 g:0 g:0 g:0 d:0 d:0 g:0 g:0 g:0 g:1 g:0 g:1 d:0 d:0 g:0 g:0 g:0 g:0 g:0 g:0 d:0 d:0 g:0 g:0 g:0 g:0 g:0 g:1 d:0 d:0 g:0 g:0 g:0 g:0 g:0 g:0
d:0 d:0 g:0 g:0 g:0 g:0 g:1 g:0 d:0 d:0 g:1 g:1 g:0 g:1 g:0 g:0 d:0 d:0 g:0 g:0 g:0 g:0 g:0 g:0 d:0 d:0 g:0 g:0 g:0 g:1 g:0 g:0 d:0 d:0 g:0 g:0 g:0 g:1 g:0 g:0 d:0 d:0 g:1 g:0 g:1 g:0 g:0 g:0 d:0 d:0 g:0 g:0 g:0 g:0 g:0 g:1 d:0 d:0 g:0 g:0 g:1 g:0 g:0 g:0
d:0 d:0 g:1 g:1 g:0 g:0 g:1 g:0 d:0 d:0 g:0 g:1 g:0 g:0 g:0 g:0 d:0 d:0 g:1 g:0 g:0 g:0 g:0 g:0 d:0 d:0 g:0 g:1 g:0 g:0 g:0 g:1 d:0 d:0 g:0 g:0 g:0 g:0 g:0 g:0 d:0 d:0 g:1 g:0 g:1 g:0 g:0 g:0 d:0 d:0 g:0 g:0 g:0 g:0 g:0 g:0 d:0 d:0 g:1 g:0 g:0 g:0 g:1 g:0
d:0 d:0 g:0 g:0 g:0 g:0 g:0 g:0 d:0 d:0 g:0 g:0 g:0 g:1 g:0 g:0 d:0 d:0 g:0 g:0 g:0 g:0 g:0 g:0 d:0 d:0 g:0 g:0 g:1 g:0 g:0 g:0 d:0 d:0 g:0 g:0 g:0 g:0 g:0 g:0 d:0 d:0 g:0 g:0 g:0 g:0 g:0 g:0 d:0 d:0 g:0 g:0 g:0 g:0 g:0 g:0 d:0 d:0 g:0 g:0 g:0 g:0 g:0 g:0
d:0 d:0 d:0 d:0 d:0 d:0 d:0 d:0 d:0 d:0 d:0 d:0 d:0 d:0 d:0 d:0 d:0 d:0 d:0 d:0 d:0 d:0 d:0 d:0 d:0 d:0 d:0 d:0 d:0 d:0 d:0 d:0 d:0 d:0 d:0 d:0 d:0 d:0 d:0 d:0 d:0 d:0 d:0 d:0 d:0 d:0 d:0 d:0 d:0 d:0 d:0 d:0 d:0 d:0 d:0 d:0 d:0 d:0 d:0 d:0 d:0 d:0 d:0 d:0
d:0 d:0 d:0 d:0 d:0 d:0 d:0 d:0 d:0 d:0 d:0 d:0 d:0 d:0 d:0 d:0 d:0 d:0 d:0 d:0 d:0 d:0 d:0 d:0 d:0 d:0 d:0 d:0 d:0 d:0 d:0 d:0 d:0 d:0 d:0 d:0 d:0 d:0 d:0 d:0 d:0 d:0 d:0 d:0 d:0 d:0 d:0 d:0 d:0 d:0 d:0 d:0 d:0 d:0 d:0 d:0 d:0 d:0 d:0 d:0 d:0 d:0 d:0 d:0
d:0 d:0 g:0 g:1 g:1 g:0 g:0 g:1 d:0 d:0 g:1 g:0 g:0 g:0 g:1 g:0 d:0 d:0 g:0 g:0 g:0 g:0 g:1 g:1 d:0 d:0 g:1 g:0 g:1 g:0 g:0 g:0 d:0 d:0 g:0 g:0 g:0 g:0 g:0 g:0 d:0 d:0 g:0 g:0 g:0 g:0 g:1 g:0 d:0 d:0 g:0 g:0 g:0 g:0 g:0 g:0 d:0 d:0 g:1 g:0 g:0 g:0 g:0 g:0
d:0 d:0 g:0 g:0 g:0 g:0 g:0 g:0 d:0 d:0 g:1 g:0 g:0 g:1 g:0 g:0 d:0 d:0 g:0 g:0 g:0 g:0 g:1 g:0 d:0 d:0 g:0 g:0 g:0 g:0 g:0 g:0 d:0 d:0 g:0 g:0 g:0 g:0 g:0 g:1 d:0 d:0 g:0 g:0 g:0 g:0 g:1 g:0 d:0 d:0 g:0 g:1 g:0 g:1 g:1 g:0 d:0 d:0 g:1 g:1 g:0 g:0 g:0 g:1
d:0 d:0 g:0 g:0 g:0 g:0 g:0 g:0 d:0 d:0 g:1 g:1 g:0 g:0 g:1 g:0 d:0 d:0 g:0 g:0 g:0 g:0 g:0 g:0 d:0 d:0 g:1 g:0 g:0 g:0 g:0 g:0 d:0 d:0 g:0 g:0 g:0 g:0 g:1 g:1 d:0 d:0 g:0 g:1 g:1 g:0 g:0 g:0 d:0 d:0 g:1 g:0 g:0 g:0 g:0 g:0 d:0 d:0 g:1 g:1 g:0 g:0 g:0 g:0
d:0 d:0 g:0 g:0 g:0 g:0 g:0 g:0 d:0 d:0 g:1 g:1 g:0 g:0 g:0 g:1 d:0 d:0 g:0 g:1 g:0 g:0 g:0 g:0 d:0 d:0 g:0 g:0 g:0 g:0 g:0 g:1 d:0 d:0 g:1 g:0 g:0 g:0 g:0 g:0 d:0 d:0 g:0 g:0 g:1 g:1 g:1 g:0 d:0 d:0 g:0 g:0 g:0 g:0 g:0 g:0 d:0 d:0 g:0 g:0 g:0 g:0 g:1 g:0
d:0 d:0 g:0 g:1 g:1 g:1 g:0 g:0 d:0 d:0 g:0 g:0 g:1 g:1 g:1 g:0 d:0 d:0 g:0 g:0 g:0 g:0 g:0 g:0 d:0 d:0 g:0 g:0 g:0 g:0 g:0 g:0 d:0 d:0 g:0 g:0 g:0 g:0 g:0 g:0 d:0 d:0 g:1 g:1 g:0 g:1 g:1 g:0 d:0 d:0 g:0 g:0 g:0 g:0 g:0 g:0 d:0 d:0 g:0 g:0 g:0 g:0 g:0 g:0
d:0 d:0 g:0 g:0 g:0 g:0 g:1 g:0 d:0 d:0 g:0 g:0 g:0 g:0 g:1 g:1 d:0 d:0 g:0 g:1 g:0 g:0 g:0 g:0 d:0 d:0 g:1 g:0 g:0 g:0 g:1 g:0 d:0 d:0 g:1 g:1 g:1 g:1 g:0 g:0 d:0 d:0 g:1 g:0 g:0 g:1 g:0 g:0 d:0 d:0 g:0 g:0 g:0 g:0 g:0 g:0 d:0 d:0 g:0 g:0 g:0 g:0 g:0 g:0
d:0 d:0 d:0 d:0 d:0 d:0 d:0 d:0 d:0 d:0 d:0 d:0 d:0 d:0 d:0 d:0 d:0 d:0 d:0 d:0 d:0 d:0 d:0 d:0 d:0 d:0 d:0 d:0 d:0 d:0 d:0 d:0 d:0 d:0 d:0 d:0 d:0 d:0 d:0 d:0 d:0 d:0 d:0 d:0 d:0 d:0 d:0 d:0 d:0 d:0 d:0 d:0 d:0 d:0 d:0 d:0 d:0 d:0 d:0 d:0 d:0 d:0 d:0 d:0
d:0 d:0 d:0 d:0 d:0 d:0 d:0 d:0 d:0 d:0 d:0 d:0 d:0 d:0 d:0 d:0 d:0 d:0 d:0 d:0 d:0 d:0 d:0 d:0 d:0 d:0 d:0 d:0 d:0 d:0 d:0 d:0 d:0 d:0 d:0 d:0 d:0 d:0 d:0 d:0 d:0 d:0 d:0 d:0 d:0 d:0 d:0 d:0 d:0 d:0 d:0 d:0 d:0 d:0 d:0 d:0 d:0 d:0 d:0 d:0 d:0 d:0 d:0 d:0
d:0 d:0 g:0 g:0 g:1 g:0 g:0 g:0 d:0 d:0 g:1 g:1 g:0 g:1 g:0 g:1 d:0 d:0 g:0 g:0 g:0 g:0 g:1 g:0 d:0 d:0 g:0 g:1 g:0 g:0 g:0 g:0 d:0 d:0 g:0 g:1 g:0 g:0 g:0 g:0 d:0 d:0 g:0 g:1 g:0 g:0 g:0 g:1 d:0 d:0 g:0 g:0 g:0 g:0 g:0 g:0 d:0 d:0 g:0 g:0 g:0 g:0 g:0 g:0
d:0 d:0 g:0 g:0 g:0 g:0 g:0 g:0 d:0 d:0 g:0 g:1 g:1 g:0 g:0 g:0 d:0 d:0 g:0 g:0 g:0 g:0 g:0 g:1 d:0 d:0 g:0 g:0 g:0 g:1 g:0 g:0 d:0 d:0 g:1 g:0 g:0 g:0 g:0 g:0 d:0 d:0 g:0 g:0 g:0 g:1 g:0 g:0 d:0 d:0 g:0 g:1 g:1 g:0 g:0 g:0 d:0 d:0 g:0 g:0 g:1 g:1 g:0 g:0
d:0 d:0 g:0 g:0 g:0 g:0 g:0 g:0 d:0 d:0 g:0 g:0 g:0 g:1 g:0 g:0 d:0 d:0 g:0 g:1 g:0 g:0 g:0 g:0 d:0 d:0 g:0 g:0 g:0 g:0 g:0 g:0 d:0 d:0 g:0 g:0 g:0 g:1 g:0 g:1 d:0 d:0 g:0 g:1 g:1 g:0 g:0 g:0 d:0 d:0 g:1 g:0 g:1 g:1 g:0 g:0 d:0 d:0 g:0 g:1 g:1 g:0 g:0 g:0
d:0 d:0 g:0 g:0 g:0 g:1 g:0 g:0 d:0 d:0 g:0 g:0 g:0 g:0 g:0 g:0 d:0 d:0 g:0 g:0 g:0 g:0 g:0 g:0 d:0 d:0 g:0 g:0 g:0 g:0 g:0 g:0 d:0 d:0 g:0 g:1 g:0 g:0 g:0 g:0 d:0 d:0 g:0 g:0 g:0 g:0 g:0 g:0 d:0 d:0 g:1 g:0 g:0 g:0 g:0 g:0 d:0 d:0 g:1 g:0 g:0 g:0 g:0 g:0
d:0 d:0 g:0 g:0 g:0 g:0 g:0 g:0 d:0 d:0 g:0 g:0 g:0 g:0 g:0 g:0 d:0 d:0 g:0 g:0 g:1 g:0 g:0 g:0 d:0 d:0 g:0 g:0 g:0 g:0 g:1 g:0 d:0 d:0 g:0 g:0 g:0 g:0 g:0 g:0 d:0 d:0 g:1 g:1 g:1 g:0 g:0 g:0 d:0 d:0 g:0 g:0 g:1 g:0 g:0 g:0 d:0 d:0 g:0 g:1 g:0 g:0 g:0 g:0
d:0 d:0 g:0 g:0 g:0 g:0 g:0 g:0 d:0 d:0 g:1 g:0 g:1 g:0 g:0 g:0 d:0 d:0 g:0 g:0 g:0 g:0 g:1 g:0 d:0 d:0 g:0 g:1 g:1 g:0 g:0 g:0 d:0 d:0 g:0 g:0 g:0 g:0 g:1 g:0 d:0 d:0 g:0 g:1 g:0 g:1 g:0 g:0 d:0 d:0 g:0 g:0 g:0 g:0 g:0 g:0 d:0 d:0 g:0 g:0 g:0 g:0 g:0 g:0
d:0 d:0 d:0 d:0 d:0 d:0 d:0 d:0 d:0 d:0 d:0 d:0 d:0 d:0 d:0 d:0 d:0 d:0 d:0 d:0 d:0 d:0 d:0 d:0 d:0 d:0 d:0 d:0 d:0 d:0 d:0 d:0 d:0 d:0 d:0 d:0 d:0 d:0 d:0 d:0 d:0 d:0 d:0 d:0 d:0 d:0 d:0 d:0 d:0 d:0 d:0 d:0 d:0 d:0 d:0 d:0 d:0 d:0 d:0 d:0 d:0 d:0 d:0 d:0
d:0 d:0 d:0 d:0 d:0 d:0 d:0 d:0 d:0 d:0 d:0 d:0 d:0 d:0 d:0 d:0 d:0 d:0 d:0 d:0 d:0 d:0 d:0 d:0 d:0 d:0 d:0 d:0 d:0 d:0 d:0 d:0 d:0 d:0 d:0 d:0 d:0 d:0 d:0 d:0 d:0 d:0 d:0 d:0 d:0 d:0 d:0 d:0 d:0 d:0 d:0 d:0 d:0 d:0 d:0 d:0 d:0 d:0 d:0 d:0 d:0 d:0 d:0 d:0
d:0 d:0 g:0 g:0 g:0 g:0 g:0 g:0 d:0 d:0 g:0 g:0 g:0 g:0 g:0 g:0 d:0 d:0 g:0 g:0 g:0 g:0 g:0 g:0 d:0 d:0 g:0 g:0 g:0 g:1 g:0 g:0 d:0 d:0 g:0 g:1 g:0 g:0 g:0 g:0 d:0 d:0 g:0 g:0 g:0 g:1 g:0 g:0 d:0 d:0 g:0 g:1 g:0 g:0 g:1 g:0 d:0 d:0 g:0 g:0 g:0 g:0 g:0 g:1
d:0 d:0 g:0 g:0 g:1 g:0 g:0 g:0 d:0 d:0 g:0 g:0 g:0 g:0 g:0 g:0 d:0 d:0 g:1 g:0 g:0 g:0 g:1 g:0 d:0 d:0 g:0 g:0 g:0 g:0 g:0 g:0 d:0 d:0 g:0 g:0 g:0 g:0 g:0 g:0 d:0 d:0 g:1 g:0 g:0 g:1 g:0 g:0 d:0 d:0 g:0 g:0 g:1 g:1 g:0 g:0 d:0 d:0 g:0 g:0 g:0 g:0 g:1 g:0
d:0 d:0 g:0 g:0 g:0 g:0 g:0 g:0 d:0 d:0 g:0 g:0 g:1 g:0 g:0 g:0 d:0 d:0 g:1 g:0 g:0 g:1 g:0 g:1 d:0 d:0 g:0 g:0 g:0 g:0 g:0 g:0 d:0 d:0 g:0 g:0 g:0 g:0 g:0 g:0 d:0 d:0 g:0 g:0 g:0 g:0 g:0 g:0 d:0 d:0 g:0 g:0 g:0 g:0 g:0 g:0 d:0 d:0 g:0 g:0 g:0 g:0 g:0 g:0
d:0 d:0 g:1 g:0 g:0 g:0 g:0 g:0 d:0 d:0 g:0 g:1 g:0 g:0 g:0 g:0 d:0 d:0 g:0 g:0 g:0 g:0 g:0 g:0 d:0 d:0 g:0 g:0 g:1 g:1 g:0 g:0 d:0 d:0 g:0 g:0 g:1 g:0 g:0 g:0 d:0 d:0 g:1 g:1 g:0 g:0 g:1 g:1 d:0 d:0 g:0 g:0 g:0 g:1 g:0 g:1 d:0 d:0 g:1 g:0 g:1 g:0 g:0 g:0
d:0 d:0 g:0 g:0 g:0 g:0 g:0 g:0 d:0 d:0 g:1 g:0 g:0 g:0 g:0 g:0 d:0 d:0 g:0 g:1 g:0 g:1 g:0 g:0 d:0 d:0 g:0 g:0 g:0 g:0 g:0 g:0 d:0 d:0 g:0 g:0 g:0 g:0 g:0 g:0 d:0 d:0 g:1 g:0 g:0 g:0 g:0 g:0 d:0 d:0 g:0 g:0 g:0 g:0 g:0 g:0 d:0 d:0 g:0 g:0 g:0 g:1 g:0 g:1
d:0 d:0 g:1 g:0 g:1 g:0 g:1 g:0 d:0 d:0 g:1 g:0 g:0 g:0 g:1 g:0 d:0 d:0 g:0 g:0 g:1 g:0 g:0 g:0 d:0 d:0 g:0 g:1 g:0 g:1 g:0 g:0 d:0 d:0 g:0 g:0 g:0 g:0 g:0 g:0 d:0 d:0 g:1 g:0 g:0 g:0 g:1 g:0 d:0 d:0 g:0 g:0 g:0 g:0 g:0 g:0 d:0 d:0 g:0 g:0 g:0 g:0 g:0 g:0
d:0 d:0 d:0 d:0 d:0 d:0 d:0 d:0 d:0 d:0 d:0 d:0 d:0 d:0 d:0 d:0 d:0 d:0 d:0 d:0 d:0 d:0 d:0 d:0 d:0 d:0 d:0 d:0 d:0 d:0 d:0 d:0 d:0 d:0 d:0 d:0 d:0 d:0 d:0 d:0 d:0 d:0 d:0 d:0 d:0 d:0 d:0 d:0 d:0 d:0 d:0 d:0 d:0 d:0 d:0 d:0 d:0 d:0 d:0 d:0 d:0 d:0 d:0 d:0
d:0 d:0 d:0 d:0 d:0 d:0 d:0 d:0 d:0 d:0 d:0 d:0 d:0 d:0 d:0 d:0 d:0 d:0 d:0 d:0 d:0 d:0 d:0 d:0 d:0 d:0 d:0 d:0 d:0 d:0 d:0 d:0 d:0 d:0 d:0 d:0 d:0 d:0 d:0 d:0 d:0 d:0 d:0 d:0 d:0 d:0 d:0 d:0 d:0 d:0 d:0 d:0 d:0 d:0 d:0 d:0 d:0 d:0 d:0 d:0 d:0 d:0 d:0 d:0
d:0 d:0 g:0 g:0 g:0 g:0 g:0 g:1 d:0 d:0 g:0 g:1 g:0 g:0 g:0 g:0 d:0 d:0 g:0 g:1 g:0 g:0 g:0 g:0 d:0 d:0 g:1 g:0 g:1 g:0 g:0 g:0 d:0 d:0 g:0 g:0 g:0 g:0 g:0 g:0 d:0 d:0 g:0 g:0 g:0 g:0 g:0 g:1 d:0 d:0 g:1 g:0 g:0 g:0 g:1 g:0 d:0 d:0 g:0 g:0 g:0 g:0 g:0 g:0
d:0 d:0 g:0 g:0 g:0 g:0 g:0 g:0 d:0 d:0 g:0 g:0 g:1 g:0 g:0 g:0 d:0 d:0 g:0 g:0 g:0 g:0 g:0 g:0 d:0 d:0 g:0 g:0 g:0 g:0 g:0 g:0 d:0 d:0 g:0 g:0 g:0 g:0 g:0 g:0 d:0 d:0 g:1 g:0 g:0 g:0 g:0 g:0 d:0 d:0 g:0 g:0 g:0 g:0 g:0 g:1 d:0 d:0 g:1 g:0 g:0 g:0 g:0 g:1
d:0 d:0 g:0 g:1 g:0 g:0 g:0 g:0 d:0 d:0 g:0 g:0 g:0 g:0 g:1 g:0 d:0 d:0 g:0 g:0 g:0 g:0 g:0 g:0 d:0 d:0 g:0 g:0 g:1 g:0 g:0 g:0 d:0 d:0 g:0 g:0 g:0 g:0 g:0 g:0 d:0 d:0 g:1 g:0 g:0 g:0 g:0 g:1 d:0 d:0 g:0 g:0 g:0 g:1 g:0 g:0 d:0 d:0 g:0 g:0 g:0 g:1 g:1 g:0
d:0 d:0 g:0 g:0 g:1 g:0 g:0 g:0 d:0 d:0 g:0 g:0 g:0 g:0 g:0 g:0 d:0 d:0 g:0 g:1 g:0 g:1 g:0 g:0 d:0 d:0 g:0 g:0 g:1 g:0 g:1 g:0 d:0 d:0 g:1 g:1 g:0 g:0 g:0 g:1 d:0 d:0 g:1 g:0 g:0 g:0 g:1 g:0 d:0 d:0 g:0 g:0 g:0 g:0 g:1 g:1 d:0 d:0 g:0 g:0 g:1 g:0 g:0 g:1
d:0 d:0 g:0 g:1 g:0 g:0 g:0 g:0 d:0 d:0 g:0 g:0 g:0 g:0 g:1 g:1 d:0 d:0 g:0 g:0 g:0 g:0 g:0 g:0 d:0 d:0 g:0 g:0 g:0 g:0 g:0 g:0 d:0 d:0 g:0 g:1 g:1 g:0 g:1 g:1 d:0 d:0 g:1 g:0 g:0 g:0 g:0 g:0 d:0 d:0 g:0 g:1 g:0 g:0 g:0 g:0 d:0 d:0 g:0 g:0 g:0 g:0 g:1 g:1
d:0 d:0 g:0 g:1 g:1 g:0 g:0 g:0 d:0 d:0 g:1 g:1 g:0 g:0 g:1 g:0 d:0 d:0 g:1 g:1 g:1 g:0 g:0 g:1 d:0 d:0 g:0 g:0 g:0 g:1 g:0 g:0 d:0 d:0 g:0 g:0 g:0 g:0 g:0 g:0 d:0 d:0 g:0 g:0 g:0 g:0 g:0 g:0 d:0 d:0 g:1 g:0 g:1 g:0 g:0 g:0 d:0 d:0 g:0 g:0 g:0 g:1 g:0 g:1