# Terrain Map 64x64 - Varied natural landscape
# Types: g=grass, w=water, s=stone, d=dirt

g:1 s:2 s:2 s:2 s:2 s:2 g:2 g:2 g:1 g:0 g:1 s:2 g:0 s:3 s:3 g:0 g:2 s:2 g:2 g:2 s:2 g:2 g:2 s:2 s:3 g:2 s:2 g:2 g:1 g:1 s:2 s:3 g:1 g:2 g:2 s:3 s:2 g:1 g:1 s:2 g:1 s:2 g:1 g:2 g:2 s:3 g:2 g:0 g:2 g:1 s:2 g:1 s:3 s:2 g:2 g:2 g:0 s:2 s:3 s:2 s:2 g:0 s:2 g:0
g:2 s:2 g:2 g:2 g:2 s:3 g:2 s:3 g:0 s:2 g:2 g:0 s:3 g:2 s:2 g:1 g:2 g:2 s:3 g:2 g:1 g:1 g:2 g:1 g:1 g:2 g:2 g:2 g:2 s:3 s:2 g:2 g:2 g:1 s:3 s:2 g:2 g:0 g:1 s:3 g:2 g:1 g:0 g:2 g:1 g:2 g:2 s:2 g:2 g:2 g:2 g:2 s:2 s:2 g:1 s:2 g:1 s:2 g:2 s:2 g:2 s:2 s:2 g:2
s:2 s:2 s:2 g:1 g:2 g:1 s:2 g:2 g:1 g:1 s:2 g:1 g:1 s:2 g:2 s:2 g:2 g:0 s:2 g:2 s:3 s:2 g:2 g:1 g:1 s:2 s:2 s:2 g:0 s:2 g:1 g:2 g:1 g:1 s:3 s:2 g:1 s:2 g:2 g:2 s:2 s:2 g:2 g:2 g:2 g:2 g:1 g:2 g:2 g:2 s:3 s:3 g:1 g:2 g:0 s:3 g:2 g:2 g:2 g:2 s:2 g:2 g:0 g:2
s:2 g:2 g:1 g:1 g:1 g:2 s:3 s:2 s:2 g:0 s:2 g:2 s:2 g:1 g:2 g:2 g:2 s:2 g:1 s:2 g:1 s:3 g:0 g:1 s:2 g:1 g:1 s:2 s:2 g:2 g:1 g:1 s:3 s:2 g:2 g:2 s:2 g:2 g:2 s:2 g:2 s:2 s:2 g:2 g:2 s:2 g:2 g:2 g:2 s:2 s:3 g:2 g:2 g:1 s:2 g:2 g:2 g:0 s:3 g:0 s:2 g:0 s:2 g:1
g:1 g:2 g:1 s:2 g:2 s:2 s:3 g:1 s:3 g:1 g:2 s:2 g:1 g:2 g:1 g:0 s:2 s:2 s:3 s:2 s:2 g:2 g:1 g:2 g:2 g:1 g:1 g:2 s:3 g:1 g:2 g:0 g:1 g:2 g:2 s:2 g:0 g:1 g:1 g:2 g:0 s:2 g:2 g:2 g:2 s:2 g:2 g:2 s:2 g:2 g:1 g:2 g:2 g:1 s:2 g:2 s:2 s:2 g:1 g:0 g:1 g:1 s:2 g:1
g:2 g:2 g:1 s:2 g:1 s:2 s:2 g:1 s:2 s:2 s:2 s:2 s:2 g:2 g:1 s:2 g:2 g:1 g:1 g:2 g:0 s:3 g:1 s:2 s:2 s:2 g:1 s:2 g:1 g:1 s:2 s:2 s:2 g:2 g:2 s:3 s:2 g:2 s:2 g:1 s:3 g:1 g:2 g:0 g:2 g:2 g:1 s:3 g:2 s:2 g:2 g:0 s:2 g:1 s:2 g:2 g:2 g:2 g:2 g:1 s:2 g:1 g:0 g:0
g:1 s:2 g:2 g:2 g:1 g:1 g:1 s:2 g:2 g:0 g:2 g:1 s:3 g:1 s:2 s:2 g:2 g:2 g:0 g:2 g:2 g:2 g:2 g:2 g:2 g:1 g:1 s:2 g:2 g:2 g:1 g:1 g:1 g:2 s:2 s:2 s:3 g:2 g:1 s:2 s:3 s:2 g:1 s:2 g:2 g:2 s:3 g:2 g:2 g:1 g:1 g:2 g:2 g:2 g:2 g:2 s:2 g:2 g:1 s:2 s:2 g:2 g:2 s:3
g:1 s:2 g:1 s:3 g:2 g:1 g:1 s:3 g:2 g:1 s:2 g:2 s:2 g:1 s:3 s:2 g:2 s:2 g:1 s:2 g:2 s:3 s:2 s:2 g:1 s:2 s:2 g:1 g:0 g:1 g:1 g:0 s:3 g:2 g:1 g:2 g:2 g:2 g:1 s:2 g:1 g:1 g:2 s:2 g:1 g:1 s:3 g:0 g:0 s:3 g:0 g:2 g:0 g:1 g:2 s:2 s:2 g:1 g:2 s:2 s:2 s:2 g:2 s:2
s:2 s:2 s:2 s:2 g:2 g:2 g:1 g:2 g:1 g:1 g:1 g:2 s:2 g:1 g:2 g:1 g:2 g:0 g:1 g:2 g:1 s:2 g:2 s:2 s:2 s:3 g:1 g:1 g:1 g:2 s:2 g:1 g:1 g:2 s:3 s:2 s:2 s:3 g:1 s:2 g:1 g:2 g:0 s:2 g:1 s:2 g:2 s:2 g:2 g:2 s:2 s:2 g:2 s:2 g:2 g:1 s:2 s:2 g:2 g:2 g:2 g:2 g:1 g:2
g:1 s:2 g:2 g:1 g:1 s:2 g:1 g:0 s:3 g:0 g:1 g:2 g:2 g:0 s:2 s:2 g:1 g:1 g:2 g:0 s:2 s:3 s:3 g:2 g:2 s:2 g:1 g:2 g:2 s:3 s:2 g:1 g:2 s:2 s:2 g:1 s:2 s:3 s:3 g:1 g:1 g:2 g:2 g:2 s:3 g:0 s:3 s:2 s:2 g:2 s:2 s:2 s:3 g:2 g:1 g:2 s:3 g:2 g:0 g:2 s:2 g:1 g:2 s:2
g:2 g:2 g:1 g:2 g:2 g:1 g:1 g:2 g:0 g:2 g:2 g:1 g:2 g:2 g:2 g:2 g:1 g:0 g:1 g:0 s:3 g:1 g:2 s:2 g:2 g:1 s:2 g:2 g:2 g:0 g:1 s:2 g:2 g:1 g:1 g:1 g:2 s:2 g:1 g:1 g:2 g:1 g:2 s:2 g:1 g:2 g:2 g:2 g:2 s:2 g:1 g:2 s:2 g:2 g:2 g:1 g:2 g:2 g:2 s:3 g:1 g:2 g:2 g:2
s:2 s:2 g:2 g:0 g:2 s:2 s:3 s:3 g:1 g:2 s:2 s:3 s:2 g:1 g:1 s:2 g:1 s:2 g:2 g:2 g:2 s:2 g:1 g:1 s:2 g:2 s:3 s:2 s:2 s:2 g:2 g:1 g:2 g:1 g:2 g:1 g:1 s:3 g:2 s:2 s:3 s:2 s:2 s:2 g:1 s:2 g:1 g:1 g:2 g:1 s:2 g:0 s:3 g:2 s:2 g:1 s:2 g:1 s:2 g:1 s:2 g:2 g:1 g:2
s:2 g:1 g:1 g:1 g:0 s:2 g:2 g:1 s:2 g:2 g:2 s:2 g:1 g:2 g:1 g:1 s:2 g:2 g:2 g:1 s:2 g:2 g:2 s:3 s:2 s:2 s:2 g:0 g:1 g:1 s:2 g:1 s:2 g:0 g:1 g:1 g:1 s:2 g:1 g:1 g:1 s:3 g:0 s:2 s:2 s:3 g:2 g:2 s:2 s:2 s:2 s:2 g:1 g:1 s:2 g:1 g:1 g:1 s:3 s:2 s:3 g:2 g:2 s:2
g:2 s:2 g:2 g:1 s:2 s:2 g:2 g:1 s:2 g:1 s:2 g:2 s:2 s:2 g:2 g:1 s:2 g:2 s:2 g:1 g:2 s:3 g:2 g:1 s:2 g:2 s:2 s:2 g:1 g:2 g:2 s:3 s:3 g:1 s:2 g:2 g:2 g:2 g:1 g:1 s:2 g:1 g:2 s:3 g:2 g:1 g:1 g:1 g:1 s:3 s:2 g:2 g:2 g:1 s:3 g:2 s:3 s:2 s:2 g:2 s:2 s:2 g:1 g:1
s:2 g:2 s:3 s:3 g:1 s:2 g:1 g:2 g:2 s:2 g:2 g:1 s:2 g:1 g:2 g:2 g:2 g:2 s:3 s:2 g:1 g:1 g:0 g:2 g:2 g:2 g:2 g:0 s:2 g:2 g:1 s:2 s:2 g:2 g:1 s:2 g:1 g:2 s:2 g:0 g:1 g:2 g:0 s:3 g:2 g:1 s:2 g:1 s:2 g:2 g:1 g:2 g:2 s:2 g:0 s:2 s:2 g:2 s:2 g:2 g:2 s:2 g:2 s:3
g:2 g:1 g:2 s:2 s:2 s:2 s:2 g:0 s:2 g:2 g:1 g:1 g:1 g:0 s:3 s:2 g:2 g:2 g:2 g:2 g:1 g:1 s:2 s:2 g:0 s:3 s:2 s:3 g:1 s:2 g:2 s:2 s:2 s:3 g:1 g:0 s:2 g:0 g:2 g:1 g:1 s:2 g:2 g:1 s:3 g:2 g:2 g:0 g:2 g:2 g:2 g:2 g:1 s:2 s:3 g:1 g:1 g:0 g:0 g:1 g:1 s:2 g:1 g:1
g:1 g:1 g:1 g:2 s:2 s:2 g:1 g:1 g:2 g:1 g:1 g:2 s:3 g:2 g:2 s:2 w:0 s:2 g:2 g:1 g:1 s:2 g:1 g:1 w:0 s:2 g:2 s:2 g:2 g:2 s:2 s:2 g:1 g:2 g:1 g:2 g:2 s:2 g:2 g:1 g:0 g:2 g:2 g:2 g:2 g:2 s:2 s:2 g:1 s:3 s:2 g:2 g:2 g:1 s:2 w:0 s:2 g:2 s:2 s:2 g:2 g:1 g:2 s:2
g:1 s:2 g:1 g:1 g:1 g:2 w:0 g:1 g:1 g:2 g:1 g:2 g:2 g:2 w:0 w:0 w:0 w:0 g:1 s:2 g:1 g:2 g:0 w:0 w:0 w:0 w:0 s:2 g:2 s:2 g:0 g:1 s:3 s:2 g:2 g:1 g:1 s:3 s:2 g:2 s:2 g:1 g:1 g:2 g:1 g:1 s:2 g:2 s:2 g:2 g:2 g:2 g:2 w:0 w:0 w:0 w:0 s:2 s:3 g:1 s:2 g:0 g:1 s:2
g:0 g:1 g:2 g:2 s:2 w:0 w:0 w:0 g:0 s:2 g:1 s:2 g:2 w:0 w:0 w:0 w:0 w:0 w:0 w:0 g:1 w:0 w:0 w:0 w:0 w:0 w:0 w:0 w:0 w:0 w:0 w:0 s:2 w:0 w:0 w:0 g:2 s:3 g:1 g:2 g:1 g:1 g:2 g:0 g:2 s:3 s:2 g:2 g:0 g:2 w:0 w:0 w:0 w:0 w:0 w:0 w:0 w:0 g:1 w:0 g:2 g:0 s:2 w:0
s:2 w:0 s:2 g:0 w:0 w:0 w:0 w:0 w:0 g:1 g:0 s:2 w:0 w:0 w:0 w:0 g:1 w:0 w:0 w:0 w:0 w:0 w:0 w:0 g:2 w:0 w:0 w:0 w:0 w:0 w:0 w:0 w:0 w:0 w:0 w:0 w:0 s:2 g:1 g:2 g:1 w:0 w:0 s:2 w:0 w:0 w:0 s:2 s:2 w:0 w:0 w:0 w:0 w:0 w:0 g:2 w:0 w:0 w:0 w:0 w:0 w:0 w:0 w:0
w:0 w:0 w:0 w:0 w:0 w:0 s:2 w:0 w:0 w:0 s:2 w:0 w:0 w:0 g:2 g:2 g:1 g:1 w:0 w:0 w:0 w:0 w:0 s:2 g:2 g:2 s:2 w:0 w:0 w:0 w:0 w:0 w:0 w:0 w:0 w:0 w:0 w:0 g:2 w:0 w:0 w:0 w:0 w:0 w:0 w:0 w:0 w:0 w:0 w:0 w:0 w:0 w:0 g:1 s:3 g:2 g:2 w:0 w:0 w:0 w:0 w:0 w:0 w:0
w:0 w:0 w:0 w:0 w:0 g:0 g:2 g:2 w:0 w:0 w:0 w:0 w:0 g:1 s:2 s:3 s:2 g:0 g:2 g:2 w:0 g:2 g:2 s:2 g:2 g:1 g:1 g:1 g:1 g:1 s:2 g:2 w:0 s:2 g:2 s:2 w:0 w:0 w:0 w:0 w:0 w:0 w:0 w:0 w:0 w:0 w:0 w:0 w:0 w:0 g:2 g:0 g:1 s:2 g:1 g:1 g:2 g:1 w:0 g:1 w:0 w:0 w:0 g:2
w:0 g:2 w:0 w:0 s:2 s:3 g:2 g:0 g:2 w:0 w:0 w:0 g:2 g:2 g:2 s:2 s:2 s:2 g:1 g:2 s:2 s:2 s:2 g:1 s:2 g:2 g:2 g:1 s:2 s:2 g:1 g:1 g:2 g:2 g:2 g:1 g:1 w:0 w:0 w:0 w:0 s:2 s:2 w:0 g:0 g:0 g:0 w:0 w:0 g:2 g:1 g:2 g:2 g:2 s:2 g:1 g:2 g:0 g:2 s:3 g:2 g:1 g:2 g:0
s:2 g:1 g:1 s:2 g:1 g:2 g:1 s:2 g:2 s:2 w:0 g:1 g:2 g:2 g:2 s:2 g:2 g:1 g:2 s:3 g:1 g:2 g:0 g:2 g:2 g:2 g:1 g:2 g:1 g:2 g:1 g:1 s:2 g:2 s:2 s:2 s:2 g:1 w:0 s:3 g:2 s:2 g:1 g:0 g:2 s:3 g:1 s:3 s:2 s:2 g:1 g:2 s:2 g:1 s:2 g:2 g:2 g:1 g:1 s:2 g:2 g:0 g:1 s:2
s:2 g:1 g:1 g:1 s:2 s:2 g:0 g:2 g:2 s:2 g:2 g:2 s:3 s:3 g:2 g:1 s:2 s:2 g:1 g:2 s:2 s:2 s:3 g:2 s:3 g:1 g:0 g:1 g:2 s:2 s:3 s:2 g:0 g:1 s:2 g:1 s:3 g:2 s:2 g:2 g:1 s:2 g:2 g:1 g:2 g:2 g:1 g:1 s:2 g:2 g:2 g:2 s:2 g:2 g:2 s:2 s:2 s:2 g:1 g:2 g:2 g:1 s:2 g:2
g:2 g:2 s:2 s:3 g:2 g:1 s:2 s:2 g:1 g:0 g:2 g:2 g:2 g:1 s:2 g:2 s:2 g:2 g:2 g:2 g:2 g:0 s:2 g:2 s:3 s:2 g:1 s:2 s:2 s:2 g:2 g:1 s:2 s:2 g:1 g:0 g:1 g:2 s:2 s:2 g:2 g:1 g:1 g:2 g:1 g:2 s:2 s:2 g:2 s:2 g:1 g:0 g:1 g:2 g:1 g:1 s:2 g:2 g:1 g:1 s:3 s:3 s:2 s:2
g:2 s:2 g:1 g:1 s:2 g:1 g:2 s:2 s:3 g:0 g:2 s:3 g:1 s:3 g:2 g:1 g:2 s:3 g:2 g:2 g:1 s:3 s:2 g:2 s:2 s:3 g:1 s:2 s:2 s:2 s:3 g:1 g:2 g:1 s:2 g:2 g:2 g:2 g:2 s:2 g:2 g:1 g:1 g:1 g:2 g:2 g:1 g:2 g:2 g:2 g:0 s:3 g:2 g:2 s:3 g:2 g:0 g:2 s:2 g:1 s:2 g:1 g:1 g:2
g:2 g:2 g:0 s:2 g:2 s:2 s:3 g:1 s:3 s:3 g:1 g:2 g:0 s:2 s:2 g:1 s:2 g:2 g:0 g:2 g:2 s:3 g:1 g:2 g:2 g:1 s:2 g:1 g:1 g:1 g:2 s:2 g:0 s:3 s:3 g:2 g:2 g:1 s:3 g:1 s:2 g:2 s:2 g:1 g:0 g:1 g:2 s:2 g:1 g:2 g:1 g:2 g:2 s:2 g:1 g:0 g:1 g:1 g:0 g:2 s:2 g:2 g:0 g:2
s:2 g:2 g:0 g:1 s:2 g:2 g:2 s:3 s:3 g:2 g:2 g:2 g:2 s:2 g:1 g:1 s:3 s:3 s:2 g:1 s:2 g:2 s:2 s:2 s:2 g:2 g:1 s:2 s:3 s:3 g:1 g:2 g:2 g:2 g:1 g:2 g:0 g:2 g:2 s:2 g:0 g:1 g:1 g:2 g:2 g:1 g:2 g:2 g:2 g:1 g:2 g:0 g:2 g:1 g:2 g:2 g:1 g:1 g:2 s:2 g:2 g:2 s:2 s:2
g:1 g:1 g:1 g:1 g:2 g:0 g:2 s:2 g:0 g:2 g:1 g:1 g:1 g:1 g:2 g:1 g:0 g:1 g:1 g:2 g:2 s:3 s:2 g:2 s:2 s:2 s:2 s:2 s:3 g:2 s:2 s:2 g:1 g:2 g:2 g:1 g:2 s:2 g:2 s:3 g:1 g:1 s:2 g:0 g:2 g:1 s:2 g:2 g:2 g:1 s:3 g:2 g:0 g:0 s:2 s:2 g:2 g:2 g:1 s:2 g:1 s:3 g:2 g:2
s:3 s:2 g:2 g:1 g:2 s:2 s:2 g:1 g:2 s:2 g:1 s:3 g:2 g:1 g:1 g:1 g:1 s:3 s:2 g:0 s:3 g:1 g:1 g:1 g:1 g:2 s:2 g:2 s:2 g:1 s:2 g:1 g:0 g:2 g:2 s:3 g:0 g:2 s:2 g:2 g:1 g:2 g:2 g:2 g:1 g:0 g:1 g:2 g:2 g:2 g:2 g:2 g:2 g:2 g:2 g:2 s:3 g:1 g:0 g:2 g:2 g:2 g:2 s:2
s:2 g:2 s:2 s:2 g:1 g:1 g:2 s:3 g:1 g:2 g:2 g:0 g:2 s:2 g:2 g:2 s:2 g:2 g:2 g:2 g:1 s:2 g:0 s:2 g:1 s:2 g:1 s:2 g:1 g:2 g:2 s:2 g:2 g:2 s:2 g:2 g:2 g:0 s:2 g:2 g:0 g:2 s:3 g:2 g:0 s:2 s:2 g:1 g:2 g:1 g:2 g:2 g:1 s:2 g:1 s:2 s:3 g:2 s:2 g:0 g:2 g:2 g:1 s:2
g:2 g:2 g:0 g:2 s:2 g:2 s:2 s:2 g:1 s:3 g:0 g:2 g:1 s:2 s:3 g:2 s:2 g:2 s:2 g:1 s:3 g:2 g:1 g:2 g:2 g:1 g:0 g:0 s:2 s:2 s:2 g:2 s:3 s:2 g:1 g:1 s:2 s:2 s:2 g:1 g:2 g:1 s:2 s:2 g:1 s:3 s:2 g:2 s:2 g:2 g:2 g:2 s:2 g:1 s:2 g:2 g:2 g:0 s:2 g:2 g:1 g:2 g:2 g:1
s:2 g:1 s:2 g:2 s:3 g:2 g:1 s:2 s:3 g:1 g:2 s:3 g:2 s:2 s:2 s:2 g:1 s:2 s:2 s:2 g:2 g:1 s:3 g:2 g:1 g:2 g:1 g:1 s:2 g:2 g:2 g:1 s:3 g:2 s:2 g:1 g:1 s:2 s:2 s:2 g:2 g:2 g:1 s:2 g:2 g:0 g:2 s:2 g:0 g:2 g:1 g:1 s:2 s:2 g:2 s:2 s:2 g:0 s:2 g:1 s:2 s:2 s:3 s:2
g:2 g:0 g:1 g:2 g:2 g:2 g:1 s:3 s:2 g:1 g:2 g:1 s:3 g:2 g:1 g:1 g:1 g:0 g:1 s:2 g:2 g:2 g:2 g:1 s:2 g:2 g:1 s:2 g:0 g:2 g:2 g:2 s:2 g:1 g:1 s:2 g:2 g:2 s:2 g:2 s:3 s:2 g:2 g:0 s:2 s:2 g:0 g:1 s:2 s:2 s:2 s:2 s:2 s:2 g:2 g:1 g:1 g:1 g:1 s:2 g:1 g:1 s:2 g:1
g:2 s:2 g:1 g:2 g:2 g:2 s:2 g:2 g:1 g:1 s:2 g:1 g:1 s:3 s:3 g:0 g:2 g:2 s:2 g:2 s:3 g:2 s:2 s:3 g:1 g:1 s:3 s:2 g:2 g:2 s:2 g:1 g:2 g:1 g:0 g:2 g:0 g:2 g:1 s:2 g:2 g:0 g:1 s:3 g:0 s:3 g:1 s:2 g:2 g:2 g:2 g:2 s:3 g:0 s:3 s:3 g:2 s:2 g:2 g:1 s:3 s:2 g:2 s:2
g:2 s:3 g:2 g:2 s:2 g:2 g:1 g:2 s:2 g:1 g:0 g:2 g:1 g:0 g:2 g:2 g:1 g:2 s:2 g:1 s:3 g:1 g:1 g:2 s:3 g:2 g:2 g:2 g:2 s:2 g:2 s:2 g:2 g:2 g:1 g:2 g:0 g:2 g:1 g:1 g:1 g:1 s:3 g:2 s:2 g:2 g:2 g:2 g:1 g:2 g:2 g:1 g:2 s:2 s:2 s:3 g:2 g:1 g:2 g:1 s:2 g:1 g:1 s:2
s:3 g:1 g:1 g:1 s:2 s:2 s:3 s:2 g:0 g:2 s:2 s:2 s:2 g:2 s:2 s:3 g:0 g:2 g:0 s:3 s:3 s:2 g:1 g:2 g:2 g:1 g:2 g:1 s:3 g:2 g:1 s:3 g:1 g:1 s:2 g:0 g:2 s:2 g:1 s:2 s:2 s:2 g:1 s:2 g:0 g:1 g:2 s:3 s:2 s:2 g:1 g:2 g:2 s:2 g:2 g:1 g:1 g:1 s:2 s:3 g:2 s:2 s:3 s:2
g:2 s:2 g:0 g:1 g:2 g:1 g:2 s:2 s:3 s:2 s:2 g:1 g:1 g:1 g:2 g:2 g:2 g:0 g:2 g:0 g:1 s:2 g:2 g:2 s:2 g:1 g:1 g:1 s:3 g:2 s:3 s:2 g:2 g:2 g:1 g:0 s:3 s:2 g:2 g:2 g:2 s:2 g:1 s:2 g:1 s:2 s:2 g:2 g:1 g:2 s:2 s:3 s:2 g:2 g:2 g:2 g:1 g:2 s:2 s:3 g:1 s:3 g:2 s:2
g:1 s:2 s:2 g:1 s:2 g:0 s:3 s:3 s:2 s:2 s:2 g:2 s:2 g:0 g:2 g:2 g:1 g:2 g:1 g:2 s:2 g:2 s:3 g:1 s:2 g:2 g:2 s:2 g:2 g:1 g:2 g:2 g:2 g:2 s:2 g:1 s:2 s:2 s:3 g:2 g:1 g:1 g:2 s:2 g:1 s:2 g:1 s:2 g:1 g:2 g:1 g:2 g:1 g:1 s:2 g:1 g:1 g:1 s:2 s:2 s:3 g:1 g:2 s:2
g:2 s:2 g:2 g:1 g:2 g:0 g:1 g:1 s:2 g:1 g:2 g:2 s:3 s:2 s:3 g:2 g:0 g:1 g:2 s:2 s:3 s:2 g:2 s:2 s:2 s:3 g:0 g:1 s:2 g:0 g:1 g:1 s:2 s:2 g:2 g:2 s:2 g:0 g:1 g:1 g:1 s:2 s:2 s:3 s:2 g:1 g:2 g:1 g:2 g:0 g:1 g:2 s:2 g:2 g:1 s:2 s:2 g:0 g:2 g:2 s:2 s:2 s:3 g:0
g:2 g:2 g:1 g:2 s:2 s:2 g:2 g:2 s:2 g:2 s:3 g:1 g:1 g:1 g:1 g:1 g:2 g:2 g:0 s:2 g:2 g:2 g:1 g:2 g:0 g:2 g:2 g:2 s:2 g:1 s:3 g:1 g:1 g:1 g:1 g:1 g:1 s:2 g:1 s:2 g:2 g:1 g:1 g:1 s:2 g:2 g:1 g:1 s:2 s:2 g:0 g:1 s:2 g:1 g:2 g:1 g:1 s:3 g:2 g:2 g:2 s:2 g:1 g:0
g:0 g:1 g:1 g:1 g:1 s:2 g:1 s:2 s:3 s:2 s:2 g:1 s:2 s:2 s:2 s:2 g:2 g:2 s:2 g:0 g:1 g:1 g:2 g:1 g:0 s:3 s:2 g:1 g:1 g:2 g:2 s:2 g:2 g:1 g:1 g:2 g:2 g:2 g:1 g:0 g:2 s:2 g:2 s:2 g:1 g:1 g:1 s:2 s:3 g:2 s:2 g:2 s:2 s:2 g:1 g:1 s:3 s:3 s:2 g:2 g:1 g:1 g:1 g:0
g:1 g:1 s:2 g:1 g:1 g:2 g:2 g:1 g:2 s:2 g:0 s:2 g:2 g:2 g:2 s:2 g:2 g:2 g:2 s:2 s:2 g:2 g:2 g:2 s:2 s:2 g:2 s:2 s:2 g:0 g:0 g:1 g:1 g:2 g:1 g:2 g:1 s:2 g:1 g:2 g:2 g:1 g:2 s:3 g:2 g:2 s:2 g:1 g:1 g:2 g:1 g:2 s:3 s:2 s:2 g:2 s:3 g:2 g:0 g:0 g:2 s:2 s:2 g:2
g:1 s:2 g:2 g:1 g:2 g:1 s:2 g:2 g:1 g:1 g:2 g:1 s:2 g:1 g:2 s:2 g:1 g:2 g:2 g:2 g:1 g:0 g:2 g:2 g:1 g:2 s:2 s:2 g:1 s:2 s:3 g:2 g:1 s:2 s:2 g:2 s:2 s:2 g:2 s:3 s:2 s:2 s:3 s:2 g:2 g:2 g:1 g:2 g:1 g:0 g:2 g:2 s:2 s:2 s:3 g:2 g:2 g:2 g:1 g:1 g:2 g:1 g:1 s:2
g:2 s:2 g:2 g:2 s:2 s:2 g:2 g:1 g:1 s:2 g:1 g:1 g:2 g:2 g:2 g:2 g:2 s:2 g:2 g:1 g:1 g:1 g:2 g:1 s:3 g:2 g:0 g:1 g:1 s:2 g:1 g:1 s:3 g:1 g:1 s:3 g:1 g:0 g:2 g:2 g:2 g:2 g:2 g:2 s:2 g:2 g:2 g:1 g:1 s:2 g:1 s:2 s:2 g:2 s:2 s:2 g:2 g:2 g:2 g:2 g:2 s:2 s:3 g:2
s:2 g:2 g:1 s:3 g:2 g:0 g:1 g:0 s:2 s:2 g:1 g:1 g:2 s:2 g:2 g:1 g:1 g:1 s:3 s:2 g:1 s:3 s:3 g:2 g:1 g:1 s:2 g:2 g:1 g:1 s:3 s:2 s:2 s:3 g:2 s:2 g:2 g:1 s:2 g:1 g:1 g:2 g:2 s:2 g:2 g:2 g:1 g:1 s:3 s:2 s:2 g:2 g:1 g:1 g:0 s:2 s:2 g:1 s:2 s:2 g:2 s:2 g:2 g:2
g:1 s:2 g:2 g:2 s:3 g:2 g:2 s:2 g:1 g:2 s:2 s:2 s:2 g:1 g:2 s:2 g:1 g:2 s:2 g:1 s:2 g:2 g:2 g:1 g:1 g:1 g:2 g:1 g:2 g:2 g:2 g:0 g:1 g:1 g:2 g:1 g:1 s:2 g:2 g:2 g:1 g:1 s:2 g:2 g:1 g:2 s:2 s:2 g:1 g:1 g:1 s:2 g:2 g:2 s:3 g:1 g:2 g:2 s:3 g:0 g:1 g:1 g:1 s:2
s:2 g:0 s:3 s:2 g:1 s:2 s:2 g:2 s:2 g:2 g:2 s:2 s:2 g:0 g:2 g:2 g:1 g:1 g:2 s:2 g:2 s:3 s:3 g:2 g:2 s:3 s:2 s:2 g:1 s:2 s:2 s:2 s:2 g:1 s:2 g:1 g:1 g:2 s:2 g:0 g:1 s:2 g:1 g:1 g:0 g:2 s:3 g:1 g:2 s:2 g:2 g:1 s:2 g:2 s:2 g:1 g:2 s:2 s:2 g:2 s:2 g:1 g:2 g:2
s:2 s:2 g:1 g:2 g:2 s:2 s:2 g:1 s:3 g:1 s:2 g:2 g:0 s:3 s:3 g:2 g:1 g:0 s:2 g:2 s:2 s:2 g:2 g:2 g:0 g:2 g:2 g:2 g:1 g:2 g:2 s:2 s:2 g:1 g:2 g:1 g:2 s:2 s:2 g:1 s:3 g:2 g:2 g:1 g:1 s:3 g:1 g:2 s:2 g:2 s:2 s:2 g:2 g:2 s:2 g:2 s:2 g:0 g:2 g:2 g:0 g:0 g:2 g:2
g:1 g:2 g:1 g:2 g:2 s:3 s:2 g:2 g:1 g:2 g:2 g:2 g:2 g:1 g:1 s:2 g:1 g:0 s:3 s:2 s:3 s:2 s:3 g:2 g:2 g:1 g:2 s:2 g:1 g:2 g:1 s:2 s:2 s:2 s:2 g:0 g:0 g:2 g:2 s:2 g:2 g:1 g:0 s:3 g:1 g:1 g:1 s:3 g:0 g:1 s:2 g:1 g:2 g:1 g:2 s:2 g:2 g:2 g:1 s:2 g:0 g:2 s:2 s:2
g:2 s:2 s:2 s:2 g:1 g:2 g:2 g:1 s:2 g:2 g:1 g:1 g:2 g:1 g:1 g:2 s:2 s:2 s:2 s:2 g:2 g:0 g:1 g:1 g:1 s:3 g:2 s:2 g:0 g:1 g:1 s:2 s:2 s:2 g:2 s:2 s:2 g:2 g:2 s:2 s:2 g:1 s:3 s:2 s:2 s:2 g:2 s:2 s:2 g:1 s:2 g:2 s:2 g:2 g:2 g:1 s:2 s:3 g:0 g:2 g:2 g:2 g:2 s:2
g:0 g:2 g:1 s:2 g:2 g:2 g:1 s:3 g:1 s:3 s:3 s:2 g:1 g:0 g:2 s:2 g:1 g:2 s:2 s:3 g:2 g:1 g:1 g:2 s:2 s:2 g:2 s:2 g:2 g:2 g:1 g:2 s:2 g:1 g:1 g:2 s:3 g:1 g:1 s:3 g:2 g:1 s:2 g:2 g:2 g:2 s:2 s:3 s:2 g:1 g:2 s:3 g:1 s:3 g:2 s:2 s:2 g:1 s:3 g:1 s:2 g:0 g:1 g:2
g:2 g:1 g:2 g:2 g:1 g:2 g:1 g:2 g:2 g:1 g:2 s:2 s:3 g:2 s:2 g:1 s:2 s:2 g:2 g:0 g:1 g:1 g:2 g:1 g:2 g:2 g:2 g:2 g:2 g:1 g:2 g:2 g:1 g:2 g:2 s:2 g:2 g:1 s:2 g:2 s:3 g:2 s:2 s:2 g:2 g:2 s:2 s:2 g:1 g:1 s:2 s:3 g:1 s:2 g:2 s:3 g:1 g:1 s:2 g:2 g:2 g:1 g:0 s:3
g:2 s:2 g:1 g:2 s:3 s:2 g:2 g:2 s:3 g:1 s:2 g:1 g:1 g:2 g:2 s:2 g:2 g:1 s:2 g:1 g:2 s:2 s:2 g:1 g:2 s:3 s:2 s:2 s:3 g:2 g:2 g:1 g:1 g:1 s:2 g:2 g:0 s:2 g:2 g:2 g:1 g:1 g:2 g:1 s:3 g:2 g:1 s:2 g:1 s:2 s:3 g:2 s:2 g:2 g:1 g:1 g:2 g:2 g:2 g:1 s:2 g:2 g:1 s:3
s:2 s:2 g:2 s:2 s:2 g:2 s:2 s:3 s:3 s:2 s:3 s:3 s:2 s:2 g:1 g:2 g:1 g:2 g:2 g:0 s:3 g:2 g:2 g:1 g:2 s:2 s:2 s:2 s:3 s:2 g:1 s:2 s:2 g:1 s:3 s:2 s:2 g:0 g:1 s:2 g:2 s:2 g:2 s:2 s:3 g:2 s:2 s:2 g:2 s:2 g:1 g:2 g:2 s:2 s:2 g:2 g:1 s:2 g:2 s:3 g:2 s:2 s:2 s:2
s:2 s:2 s:2 g:2 g:2 g:1 g:2 s:3 g:0 g:2 g:1 g:1 g:2 g:2 s:2 g:2 g:2 g:1 g:2 s:3 s:2 g:0 g:1 s:3 s:2 s:2 g:2 g:0 s:2 g:1 g:2 s:2 s:2 g:2 s:3 s:2 g:2 s:2 g:2 s:2 g:1 g:2 g:2 g:2 s:2 g:2 s:2 s:3 g:0 g:2 g:2 g:0 s:2 s:2 g:2 g:1 g:2 s:3 s:2 s:3 s:2 g:1 g:2 g:2
g:2 g:2 s:2 s:3 g:2 s:3 g:2 g:0 g:1 g:2 s:3 g:1 g:2 s:2 g:2 s:2 s:2 g:1 s:3 g:1 g:0 g:2 g:2 g:1 g:2 g:0 g:1 s:2 g:2 s:3 g:1 g:1 s:3 g:2 s:2 s:2 g:2 g:1 g:1 g:1 s:2 g:1 g:2 g:2 g:1 g:2 s:2 s:2 g:2 s:2 g:0 s:2 s:2 g:1 g:1 g:1 g:1 g:1 g:0 g:2 g:1 s:2 g:2 s:2
g:1 g:2 g:2 s:2 g:2 g:1 g:2 g:2 g:2 g:2 g:1 s:2 g:2 s:3 g:2 s:2 g:2 g:2 g:0 s:2 g:1 s:2 g:1 g:1 g:1 g:2 g:2 s:2 g:0 g:2 g:2 g:1 s:3 g:1 g:2 g:1 g:1 g:1 g:1 s:2 s:2 g:1 g:1 s:3 s:2 s:2 g:2 g:2 g:1 s:2 g:1 g:1 s:2 g:2 g:2 g:1 s:2 g:2 g:1 g:2 g:0 g:2 g:2 s:2
s:2 g:2 s:2 s:2 s:2 s:2 g:1 g:2 s:2 s:2 s:2 g:1 g:2 g:1 g:2 s:3 s:3 g:2 s:3 g:2 g:1 s:2 g:2 g:1 g:1 g:2 g:1 g:2 s:2 g:2 s:2 g:2 s:2 s:3 g:2 g:2 g:2 g:0 s:2 g:2 s:2 g:2 g:1 g:2 g:1 g:2 g:2 g:1 g:1 g:2 s:2 s:2 g:2 g:1 g:1 g:0 s:2 g:0 g:1 s:2 s:3 g:1 g:1 g:2
g:2 g:1 s:2 g:1 g:1 g:1 g:1 g:0 s:2 g:2 g:2 s:2 g:1 g:2 g:2 g:1 g:1 g:1 s:3 g:1 g:2 g:1 g:2 g:1 s:2 g:2 g:1 s:2 s:2 g:2 g:0 s:2 g:2 g:2 g:2 g:1 s:2 g:1 g:1 g:1 g:0 g:1 g:2 s:2 s:2 s:2 g:2 g:2 s:2 g:2 g:0 s:2 g:1 g:2 s:2 s:2 g:2 s:2 g:1 g:2 g:2 g:2 s:3 g:0
g:1 g:1 g:1 g:1 g:1 g:2 s:2 s:3 g:2 g:2 g:2 g:2 g:2 s:3 g:1 s:2 g:1 g:2 g:2 g:1 s:2 g:1 s:2 g:0 g:2 g:2 s:2 g:2 s:2 s:2 g:2 g:1 s:2 g:2 g:2 s:2 g:2 s:2 g:2 s:3 g:2 g:2 s:2 g:1 g:2 s:2 g:2 g:1 s:2 s:2 g:2 s:2 g:1 g:1 g:2 s:3 s:2 s:2 g:0 s:3 s:2 g:2 g:0 g:2
s:3 s:3 g:0 s:3 g:1 g:2 g:2 s:3 g:1 g:1 s:2 g:2 g:1 s:2 g:1 g:2 s:2 g:2 g:2 g:2 s:2 g:1 g:1 g:1 s:2 g:1 s:2 g:1 g:1 g:1 g:2 g:0 g:1 g:1 s:2 s:2 g:2 s:3 s:2 g:1 g:2 s:2 s:2 s:2 g:2 s:2 g:0 g:1 g:2 g:1 g:1 s:2 s:2 g:0 g:1 g:1 g:1 g:2 g:1 g:0 g:0 g:1 s:3 g:1
s:3 s:2 g:1 g:0 g:1 g:2 g:2 g:1 g:1 g:2 g:1 g:2 s:2 s:2 g:1 g:1 g:0 s:2 g:2 g:1 g:1 s:2 g:2 s:2 g:1 g:2 g:2 s:2 s:2 g:1 g:2 s:2 g:2 g:1 g:2 g:2 s:2 g:1 s:2 s:3 s:2 s:3 g:1 s:2 g:2 s:3 g:1 g:2 g:1 g:1 s:3 g:2 s:2 s:3 s:2 s:2 g:1 s:2 g:1 g:2 s:2 g:1 g:1 g:2